Archive member included to satisfy reference by file (symbol)

/Users/clfilho/SimplicityStudio/BLE/SPP-Server_BG13/protocol/bluetooth/lib/EFR32BG13P/GCC/libbluetooth.a(bgapi.c.obj)
                              ./spp_client_main.o (gecko_rsp_msg_buf)
/Users/clfilho/SimplicityStudio/BLE/SPP-Server_BG13/protocol/bluetooth/lib/EFR32BG13P/GCC/libbluetooth.a(bgapi_endpoint.c.obj)
                              ./spp_client_main.o (sli_bt_cmd_endpoint_close)
/Users/clfilho/SimplicityStudio/BLE/SPP-Server_BG13/protocol/bluetooth/lib/EFR32BG13P/GCC/libbluetooth.a(bgapi_gap.c.obj)
                              ./spp_server_main.o (sli_bt_cmd_le_gap_set_mode)
/Users/clfilho/SimplicityStudio/BLE/SPP-Server_BG13/protocol/bluetooth/lib/EFR32BG13P/GCC/libbluetooth.a(bgapi_gatt.c.obj)
                              /Users/clfilho/SimplicityStudio/BLE/SPP-Server_BG13/protocol/bluetooth/lib/EFR32BG13P/GCC/libbluetooth.a(bgapi.c.obj) (bgapi_gatt_listener)
/Users/clfilho/SimplicityStudio/BLE/SPP-Server_BG13/protocol/bluetooth/lib/EFR32BG13P/GCC/libbluetooth.a(bgapi_gatt_lib.c.obj)
                              ./spp_client_main.o (sli_bt_cmd_gatt_set_max_mtu)
/Users/clfilho/SimplicityStudio/BLE/SPP-Server_BG13/protocol/bluetooth/lib/EFR32BG13P/GCC/libbluetooth.a(bgapi_hardware.c.obj)
                              ./spp_client_main.o (sli_bt_cmd_hardware_set_soft_timer)
/Users/clfilho/SimplicityStudio/BLE/SPP-Server_BG13/protocol/bluetooth/lib/EFR32BG13P/GCC/libbluetooth.a(bgapi_le_connection.c.obj)
                              ./spp_server_main.o (sli_bt_cmd_le_connection_set_parameters)
/Users/clfilho/SimplicityStudio/BLE/SPP-Server_BG13/protocol/bluetooth/lib/EFR32BG13P/GCC/libbluetooth.a(bgapi_system.c.obj)
                              ./main.o (sli_bt_cmd_system_reset)
/Users/clfilho/SimplicityStudio/BLE/SPP-Server_BG13/protocol/bluetooth/lib/EFR32BG13P/GCC/libbluetooth.a(bgbuf.c.obj)
                              /Users/clfilho/SimplicityStudio/BLE/SPP-Server_BG13/protocol/bluetooth/lib/EFR32BG13P/GCC/libbluetooth.a(bgapi.c.obj) (bgbuf_chain_free)
/Users/clfilho/SimplicityStudio/BLE/SPP-Server_BG13/protocol/bluetooth/lib/EFR32BG13P/GCC/libbluetooth.a(bglib.c.obj)
                              ./main.o (gecko_stack_init)
/Users/clfilho/SimplicityStudio/BLE/SPP-Server_BG13/protocol/bluetooth/lib/EFR32BG13P/GCC/libbluetooth.a(btl_interface.c.obj)
                              /Users/clfilho/SimplicityStudio/BLE/SPP-Server_BG13/protocol/bluetooth/lib/EFR32BG13P/GCC/libbluetooth.a(bgapi.c.obj) (bootloader_getInfo)
/Users/clfilho/SimplicityStudio/BLE/SPP-Server_BG13/protocol/bluetooth/lib/EFR32BG13P/GCC/libbluetooth.a(efr32xg1x.c.obj)
                              /Users/clfilho/SimplicityStudio/BLE/SPP-Server_BG13/protocol/bluetooth/lib/EFR32BG13P/GCC/libbluetooth.a(bgapi_hardware.c.obj) (bg_hal_set_dcdc_enable)
/Users/clfilho/SimplicityStudio/BLE/SPP-Server_BG13/protocol/bluetooth/lib/EFR32BG13P/GCC/libbluetooth.a(gap.c.obj)
                              /Users/clfilho/SimplicityStudio/BLE/SPP-Server_BG13/protocol/bluetooth/lib/EFR32BG13P/GCC/libbluetooth.a(bglib.c.obj) (gap_reset_state)
/Users/clfilho/SimplicityStudio/BLE/SPP-Server_BG13/protocol/bluetooth/lib/EFR32BG13P/GCC/libbluetooth.a(gap_adv.c.obj)
                              /Users/clfilho/SimplicityStudio/BLE/SPP-Server_BG13/protocol/bluetooth/lib/EFR32BG13P/GCC/libbluetooth.a(gap.c.obj) (gap_set_advertising_timeout)
/Users/clfilho/SimplicityStudio/BLE/SPP-Server_BG13/protocol/bluetooth/lib/EFR32BG13P/GCC/libbluetooth.a(gap_deprecated.c.obj)
                              /Users/clfilho/SimplicityStudio/BLE/SPP-Server_BG13/protocol/bluetooth/lib/EFR32BG13P/GCC/libbluetooth.a(bgapi_gap.c.obj) (ubt_gap_set_adv_parameters)
/Users/clfilho/SimplicityStudio/BLE/SPP-Server_BG13/protocol/bluetooth/lib/EFR32BG13P/GCC/libbluetooth.a(gap_resolver.c.obj)
                              /Users/clfilho/SimplicityStudio/BLE/SPP-Server_BG13/protocol/bluetooth/lib/EFR32BG13P/GCC/libbluetooth.a(gap.c.obj) (gap_address_resolver_step)
/Users/clfilho/SimplicityStudio/BLE/SPP-Server_BG13/protocol/bluetooth/lib/EFR32BG13P/GCC/libbluetooth.a(gap_scan.c.obj)
                              /Users/clfilho/SimplicityStudio/BLE/SPP-Server_BG13/protocol/bluetooth/lib/EFR32BG13P/GCC/libbluetooth.a(gap.c.obj) (gap_status_set_scan_packet)
/Users/clfilho/SimplicityStudio/BLE/SPP-Server_BG13/protocol/bluetooth/lib/EFR32BG13P/GCC/libbluetooth.a(gatt.c.obj)
                              /Users/clfilho/SimplicityStudio/BLE/SPP-Server_BG13/protocol/bluetooth/lib/EFR32BG13P/GCC/libbluetooth.a(gap.c.obj) (gatt_init_connection)
/Users/clfilho/SimplicityStudio/BLE/SPP-Server_BG13/protocol/bluetooth/lib/EFR32BG13P/GCC/libbluetooth.a(gatt_client.c.obj)
                              /Users/clfilho/SimplicityStudio/BLE/SPP-Server_BG13/protocol/bluetooth/lib/EFR32BG13P/GCC/libbluetooth.a(bgapi_gatt_lib.c.obj) (gatt_client_init)
[...]
Memory Configuration

Name             Origin             Length             Attributes
FLASH_BOOTLOADER 0x000000000fe10000 0x0000000000004000 xr
FLASH            0x0000000000000000 0x000000000007f000 xr
RAM              0x0000000020000000 0x0000000000010000 xrw
*default*        0x0000000000000000 0xffffffffffffffff

Linker script and memory map

LOAD /Applications/Simplicity Studio 2.app/Contents/Eclipse/developer/toolchains/gnu_arm/7.2_2017q4/bin/../lib/gcc/arm-none-eabi/7.2.1/thumb/v7e-m/fpv4-sp/softfp/crti.o
LOAD /Applications/Simplicity Studio 2.app/Contents/Eclipse/developer/toolchains/gnu_arm/7.2_2017q4/bin/../lib/gcc/arm-none-eabi/7.2.1/thumb/v7e-m/fpv4-sp/softfp/crtbegin.o
LOAD /Applications/Simplicity Studio 2.app/Contents/Eclipse/developer/toolchains/gnu_arm/7.2_2017q4/bin/../lib/gcc/arm-none-eabi/7.2.1/../../../../arm-none-eabi/lib/thumb/v7e-m/fpv4-sp/softfp/crt0.o
START GROUP
LOAD ./app/bluetooth/common/util/infrastructure.o
LOAD ./application_properties.o
LOAD ./gatt_db.o
LOAD ./init_app.o
LOAD ./init_board_efr32xg1.o
LOAD ./init_mcu_efr32xg1.o
LOAD ./main.o
LOAD ./pti.o
LOAD ./retargetio.o
LOAD ./retargetserial.o
LOAD ./spp_client_main.o
LOAD ./spp_server_main.o
LOAD ./spp_utils.o
LOAD ./hardware/kit/common/bsp/bsp_stk.o
LOAD ./hardware/kit/common/drivers/mx25flash_spi.o
LOAD ./platform/Device/SiliconLabs/EFR32BG13P/Source/GCC/startup_efr32bg13p.o
LOAD ./platform/Device/SiliconLabs/EFR32BG13P/Source/system_efr32bg13p.o
LOAD ./platform/emdrv/sleep/src/sleep.o
LOAD ./platform/emlib/src/em_assert.o
LOAD ./platform/emlib/src/em_cmu.o
LOAD ./platform/emlib/src/em_core.o
LOAD ./platform/emlib/src/em_cryotimer.o
LOAD ./platform/emlib/src/em_crypto.o
LOAD ./platform/emlib/src/em_emu.o
LOAD ./platform/emlib/src/em_gpio.o
LOAD ./platform/emlib/src/em_i2c.o
LOAD ./platform/emlib/src/em_msc.o
LOAD ./platform/emlib/src/em_rmu.o
LOAD ./platform/emlib/src/em_rtcc.o
LOAD ./platform/emlib/src/em_se.o
LOAD ./platform/emlib/src/em_system.o
LOAD ./platform/emlib/src/em_timer.o
LOAD ./platform/emlib/src/em_usart.o
LOAD /Users/clfilho/SimplicityStudio/BLE/SPP-Server_BG13/protocol/bluetooth/lib/EFR32BG13P/GCC/libbluetooth.a
LOAD /Users/clfilho/SimplicityStudio/BLE/SPP-Server_BG13/protocol/bluetooth/lib/EFR32BG13P/GCC/libpsstore.a
LOAD /Users/clfilho/SimplicityStudio/BLE/SPP-Server_BG13/protocol/bluetooth/lib/EFR32BG13P/GCC/libmbedtls.a
LOAD /Users/clfilho/SimplicityStudio/BLE/SPP-Server_BG13/platform/radio/rail_lib/autogen/librail_release/librail_efr32xg13_gcc_release.a
LOAD /Users/clfilho/SimplicityStudio/BLE/SPP-Server_BG13/protocol/bluetooth/lib/EFR32BG13P/GCC/binapploader.o
LOAD /Applications/Simplicity Studio 2.app/Contents/Eclipse/developer/toolchains/gnu_arm/7.2_2017q4/bin/../lib/gcc/arm-none-eabi/7.2.1/../../../../arm-none-eabi/lib/thumb/v7e-m/fpv4-sp/softfp/libm.a
END GROUP
START GROUP
LOAD /Applications/Simplicity Studio 2.app/Contents/Eclipse/developer/toolchains/gnu_arm/7.2_2017q4/bin/../lib/gcc/arm-none-eabi/7.2.1/thumb/v7e-m/fpv4-sp/softfp/libgcc.a
LOAD /Applications/Simplicity Studio 2.app/Contents/Eclipse/developer/toolchains/gnu_arm/7.2_2017q4/bin/../lib/gcc/arm-none-eabi/7.2.1/../../../../arm-none-eabi/lib/thumb/v7e-m/fpv4-sp/softfp/libc_nano.a
LOAD /Applications/Simplicity Studio 2.app/Contents/Eclipse/developer/toolchains/gnu_arm/7.2_2017q4/bin/../lib/gcc/arm-none-eabi/7.2.1/../../../../arm-none-eabi/lib/thumb/v7e-m/fpv4-sp/softfp/libnosys.a
END GROUP
START GROUP
LOAD /Applications/Simplicity Studio 2.app/Contents/Eclipse/developer/toolchains/gnu_arm/7.2_2017q4/bin/../lib/gcc/arm-none-eabi/7.2.1/thumb/v7e-m/fpv4-sp/softfp/libgcc.a
LOAD /Applications/Simplicity Studio 2.app/Contents/Eclipse/developer/toolchains/gnu_arm/7.2_2017q4/bin/../lib/gcc/arm-none-eabi/7.2.1/../../../../arm-none-eabi/lib/thumb/v7e-m/fpv4-sp/softfp/libg_nano.a
LOAD /Applications/Simplicity Studio 2.app/Contents/Eclipse/developer/toolchains/gnu_arm/7.2_2017q4/bin/../lib/gcc/arm-none-eabi/7.2.1/../../../../arm-none-eabi/lib/thumb/v7e-m/fpv4-sp/softfp/libc_nano.a
END GROUP
START GROUP
LOAD /Applications/Simplicity Studio 2.app/Contents/Eclipse/developer/toolchains/gnu_arm/7.2_2017q4/bin/../lib/gcc/arm-none-eabi/7.2.1/thumb/v7e-m/fpv4-sp/softfp/libgcc.a
LOAD /Applications/Simplicity Studio 2.app/Contents/Eclipse/developer/toolchains/gnu_arm/7.2_2017q4/bin/../lib/gcc/arm-none-eabi/7.2.1/../../../../arm-none-eabi/lib/thumb/v7e-m/fpv4-sp/softfp/libc_nano.a
END GROUP
LOAD /Applications/Simplicity Studio 2.app/Contents/Eclipse/developer/toolchains/gnu_arm/7.2_2017q4/bin/../lib/gcc/arm-none-eabi/7.2.1/thumb/v7e-m/fpv4-sp/softfp/crtend.o
LOAD /Applications/Simplicity Studio 2.app/Contents/Eclipse/developer/toolchains/gnu_arm/7.2_2017q4/bin/../lib/gcc/arm-none-eabi/7.2.1/thumb/v7e-m/fpv4-sp/softfp/crtn.o

.text_bootloader
                0x000000000fe10000        0x0
 *(.binbootloader*)
                0x000000000fe10000                . = ALIGN (0x4000)

.text_apploader
                0x0000000000000000     0x8fc0
 *(.binapploader*)
 .binapploader  0x0000000000000000     0x8fc0 /Users/clfilho/SimplicityStudio/BLE/SPP-Server_BG13/protocol/bluetooth/lib/EFR32BG13P/GCC/binapploader.o

.text_signature
                0x0000000000008fc0       0x40
                0x0000000000009000                . = ALIGN (0x800)
 *fill*         0x0000000000008fc0       0x40 
                0x0000000000009000                __text_start__ = .

.text_application
                0x0000000000009000    0x23e84
 *(.vectors)
 .vectors       0x0000000000009000       0xfc ./platform/Device/SiliconLabs/EFR32BG13P/Source/GCC/startup_efr32bg13p.o
                0x0000000000009000                __Vectors
                0x00000000000090fc                __Vectors_End = .
                0x00000000000000fc                __Vectors_Size = (__Vectors_End - __Vectors)
                0x00000000000090fc                __end__ = .
 *(.application_properties)
 .application_properties
                0x00000000000090fc       0x38 ./application_properties.o
                0x00000000000090fc                applicationProperties
 *(.gecko_configuration)
 *(.xo_configuration)
 *(.gatt_header)
 .gatt_header   0x0000000000009134       0x34 ./gatt_db.o
                0x0000000000009134                bg_gattdb_data
 *(.gatt_data)
 .gatt_data     0x0000000000009168      0x266 ./gatt_db.o
                0x0000000000009168                bg_gattdb_data_adv_uuid128_map
                0x0000000000009178                bg_gattdb_data_adv_uuid16_map
                0x000000000000917c                bg_gattdb_data_attributes_dynamic_mapping_map
                0x0000000000009184                bg_gattdb_data_attributes_map
                0x0000000000009298                bg_gattdb_data_attribute_field_0
                0x000000000000929c                bg_gattdb_data_attribute_field_1
                0x00000000000092a4                bg_gattdb_data_attribute_field_2
                0x00000000000092ac                bg_gattdb_data_attribute_field_4
                0x00000000000092b0                bg_gattdb_data_attribute_field_5
                0x00000000000092b8                bg_gattdb_data_attribute_field_6
                0x00000000000092c0                bg_gattdb_data_attribute_field_7
                0x00000000000092c8                bg_gattdb_data_attribute_field_8
                0x00000000000092cc                bg_gattdb_data_attribute_field_9
                0x00000000000092d0                bg_gattdb_data_attribute_field_10
                0x00000000000092d8                bg_gattdb_data_attribute_field_11
                0x00000000000092e8                bg_gattdb_data_attribute_field_12
                0x00000000000092f0                bg_gattdb_data_attribute_field_13
                0x00000000000092fc                bg_gattdb_data_attribute_field_14
                0x0000000000009304                bg_gattdb_data_attribute_field_15
                0x000000000000930c                bg_gattdb_data_attribute_field_16
                0x0000000000009320                bg_gattdb_data_attribute_field_17
                0x0000000000009338                bg_gattdb_data_attribute_field_18
                0x0000000000009340                bg_gattdb_data_attribute_field_19
                0x0000000000009354                bg_gattdb_data_attribute_field_20
                0x000000000000936c                bg_gattdb_data_attribute_field_21
                0x0000000000009374                bg_gattdb_data_uuidtable_128_map
                0x00000000000093b4                bg_gattdb_data_uuidtable_16_map
 *(.text*)
 *fill*         0x00000000000093ce        0x2 
 .text          0x00000000000093d0       0x40 /Applications/Simplicity Studio 2.app/Contents/Eclipse/developer/toolchains/gnu_arm/7.2_2017q4/bin/../lib/gcc/arm-none-eabi/7.2.1/thumb/v7e-m/fpv4-sp/softfp/crtbegin.o
 .text          0x0000000000009410       0x74 /Applications/Simplicity Studio 2.app/Contents/Eclipse/developer/toolchains/gnu_arm/7.2_2017q4/bin/../lib/gcc/arm-none-eabi/7.2.1/../../../../arm-none-eabi/lib/thumb/v7e-m/fpv4-sp/softfp/crt0.o
                0x0000000000009410                _mainCRTStartup
                0x0000000000009410                _start
 .text.initApp  0x0000000000009484       0x24 ./init_app.o
                0x0000000000009484                initApp
 .text.initBoard
                0x00000000000094a8       0x48 ./init_board_efr32xg1.o
                0x00000000000094a8                initBoard
 .text.initMcu  0x00000000000094f0      0x120 ./init_mcu_efr32xg1.o
                0x00000000000094f0                initMcu
 .text.startup.main
                0x0000000000009610      0x1d0 ./main.o
                0x0000000000009610                main
 .text.configEnablePti
                0x00000000000097e0       0x30 ./pti.o
                0x00000000000097e0                configEnablePti
 .text._close   0x0000000000009810        0x4 ./retargetio.o
                0x0000000000009810                _close
 .text._exit    0x0000000000009814        0x4 ./retargetio.o
                0x0000000000009814                _exit
 .text._fstat   0x0000000000009818        0xc ./retargetio.o
                0x0000000000009818                _fstat
 .text._isatty  0x0000000000009824        0x4 ./retargetio.o
                0x0000000000009824                _isatty
 .text._lseek   0x0000000000009828        0x4 ./retargetio.o
                0x0000000000009828                _lseek
 .text._read    0x000000000000982c       0x2c ./retargetio.o
                0x000000000000982c                _read
 .text._sbrk    0x0000000000009858       0x1c ./retargetio.o
                0x0000000000009858                _sbrk
 .text._write   0x0000000000009874       0x1c ./retargetio.o
                0x0000000000009874                _write
 .text.USART0_RX_IRQHandler
                0x0000000000009890       0x54 ./retargetserial.o
                0x0000000000009890                USART0_RX_IRQHandler
 .text.RETARGET_SerialInit
                0x00000000000098e4       0xc8 ./retargetserial.o
                0x00000000000098e4                RETARGET_SerialInit
 .text.RETARGET_ReadChar
                0x00000000000099ac       0x68 ./retargetserial.o
                0x00000000000099ac                RETARGET_ReadChar
 .text.RETARGET_WriteChar
                0x0000000000009a14       0x48 ./retargetserial.o
                0x0000000000009a14                RETARGET_WriteChar
 .text.send_spp_data
                0x0000000000009a5c      0x108 ./spp_client_main.o
 .text.reset_variables
                0x0000000000009b64       0x44 ./spp_client_main.o
 .text.button_poll
                0x0000000000009ba8       0x5c ./spp_client_main.o
                0x0000000000009ba8                button_poll
 .text.spp_client_main
                0x0000000000009c04      0x528 ./spp_client_main.o
                0x0000000000009c04                spp_client_main
 .text.spp_server_main
                0x000000000000a12c      0x344 ./spp_server_main.o
                0x000000000000a12c                spp_server_main
 .text.spp_main
                0x000000000000a470       0x58 ./spp_utils.o
                0x000000000000a470                spp_main
 .text.printStats
                0x000000000000a4c8       0x50 ./spp_utils.o
                0x000000000000a4c8                printStats
 .text.MX25_init
                0x000000000000a518       0xa4 ./hardware/kit/common/drivers/mx25flash_spi.o
                0x000000000000a518                MX25_init
 .text.MX25_DP  0x000000000000a5bc       0x60 ./hardware/kit/common/drivers/mx25flash_spi.o
                0x000000000000a5bc                MX25_DP
 .text.Default_Handler
                0x000000000000a61c        0x4 ./platform/Device/SiliconLabs/EFR32BG13P/Source/GCC/startup_efr32bg13p.o
                0x000000000000a61c                IDAC0_IRQHandler
                0x000000000000a61c                USART0_TX_IRQHandler
                0x000000000000a61c                I2C0_IRQHandler
                0x000000000000a61c                HardFault_Handler
                0x000000000000a61c                SysTick_Handler
                0x000000000000a61c                USART1_RX_IRQHandler
                0x000000000000a61c                PendSV_Handler
                0x000000000000a61c                NMI_Handler
                0x000000000000a61c                I2C1_IRQHandler
                0x000000000000a61c                WTIMER0_IRQHandler
                0x000000000000a61c                CRYPTO0_IRQHandler
                0x000000000000a61c                WDOG0_IRQHandler
                0x000000000000a61c                USART1_TX_IRQHandler
                0x000000000000a61c                SMU_IRQHandler
                0x000000000000a61c                MSC_IRQHandler
                0x000000000000a61c                ADC0_IRQHandler
                0x000000000000a61c                UsageFault_Handler
                0x000000000000a61c                WDOG1_IRQHandler
                0x000000000000a61c                LEUART0_IRQHandler
                0x000000000000a61c                FPUEH_IRQHandler
                0x000000000000a61c                GPIO_EVEN_IRQHandler
                0x000000000000a61c                VDAC0_IRQHandler
                0x000000000000a61c                LDMA_IRQHandler
                0x000000000000a61c                CSEN_IRQHandler
                0x000000000000a61c                CRYPTO1_IRQHandler
                0x000000000000a61c                TIMER0_IRQHandler
                0x000000000000a61c                LETIMER0_IRQHandler
                0x000000000000a61c                TIMER1_IRQHandler
                0x000000000000a61c                TRNG0_IRQHandler
                0x000000000000a61c                USART2_RX_IRQHandler
                0x000000000000a61c                Default_Handler
                0x000000000000a61c                EMU_IRQHandler
                0x000000000000a61c                CRYOTIMER_IRQHandler
                0x000000000000a61c                PCNT0_IRQHandler
                0x000000000000a61c                ACMP0_IRQHandler
                0x000000000000a61c                MemManage_Handler
                0x000000000000a61c                SVC_Handler
                0x000000000000a61c                RTCC_IRQHandler
                0x000000000000a61c                CMU_IRQHandler
                0x000000000000a61c                GPIO_ODD_IRQHandler
                0x000000000000a61c                LESENSE_IRQHandler
                0x000000000000a61c                BusFault_Handler
                0x000000000000a61c                USART2_TX_IRQHandler
                0x000000000000a61c                DebugMon_Handler
 .text.Reset_Handler
                0x000000000000a620       0x2c ./platform/Device/SiliconLabs/EFR32BG13P/Source/GCC/startup_efr32bg13p.o
                0x000000000000a620                Reset_Handler
 .text.SystemMaxCoreClockGet
                0x000000000000a64c        0x8 ./platform/Device/SiliconLabs/EFR32BG13P/Source/system_efr32bg13p.o
                0x000000000000a64c                SystemMaxCoreClockGet
 .text.SystemHFClockGet
                0x000000000000a654       0x50 ./platform/Device/SiliconLabs/EFR32BG13P/Source/system_efr32bg13p.o
                0x000000000000a654                SystemHFClockGet
 .text.SystemCoreClockGet
                0x000000000000a6a4       0x24 ./platform/Device/SiliconLabs/EFR32BG13P/Source/system_efr32bg13p.o
                0x000000000000a6a4                SystemCoreClockGet
 .text.SystemHFXOClockGet
                0x000000000000a6c8        0xc ./platform/Device/SiliconLabs/EFR32BG13P/Source/system_efr32bg13p.o
                0x000000000000a6c8                SystemHFXOClockGet
 .text.SystemHFXOClockSet
                0x000000000000a6d4       0x3c ./platform/Device/SiliconLabs/EFR32BG13P/Source/system_efr32bg13p.o
                0x000000000000a6d4                SystemHFXOClockSet
 .text.SystemInit
                0x000000000000a710       0x1c ./platform/Device/SiliconLabs/EFR32BG13P/Source/system_efr32bg13p.o
                0x000000000000a710                SystemInit
 .text.SystemLFRCOClockGet
                0x000000000000a72c        0x8 ./platform/Device/SiliconLabs/EFR32BG13P/Source/system_efr32bg13p.o
                0x000000000000a72c                SystemLFRCOClockGet
 .text.SystemULFRCOClockGet
                0x000000000000a734        0x8 ./platform/Device/SiliconLabs/EFR32BG13P/Source/system_efr32bg13p.o
                0x000000000000a734                SystemULFRCOClockGet
 .text.SystemLFXOClockGet
                0x000000000000a73c        0xc ./platform/Device/SiliconLabs/EFR32BG13P/Source/system_efr32bg13p.o
                0x000000000000a73c                SystemLFXOClockGet
 .text.SystemLFXOClockSet
                0x000000000000a748       0x3c ./platform/Device/SiliconLabs/EFR32BG13P/Source/system_efr32bg13p.o
                0x000000000000a748                SystemLFXOClockSet
 .text.sleepCallbackWrapper
                0x000000000000a784       0x14 ./platform/emdrv/sleep/src/sleep.o
 .text.enterEMx
                0x000000000000a798       0x54 ./platform/emdrv/sleep/src/sleep.o
 .text.SLEEP_Init
                0x000000000000a7ec       0x40 ./platform/emdrv/sleep/src/sleep.o
                0x000000000000a7ec                SLEEP_Init
 .text.SLEEP_Sleep
                0x000000000000a82c       0x70 ./platform/emdrv/sleep/src/sleep.o
                0x000000000000a82c                SLEEP_Sleep
 .text.SLEEP_SleepBlockBegin
                0x000000000000a89c       0x18 ./platform/emdrv/sleep/src/sleep.o
                0x000000000000a89c                SLEEP_SleepBlockBegin
 .text.SLEEP_SleepBlockEnd
                0x000000000000a8b4       0x1c ./platform/emdrv/sleep/src/sleep.o
                0x000000000000a8b4                SLEEP_SleepBlockEnd
 .text.SLEEP_LowestEnergyModeGet
                0x000000000000a8d0       0x1c ./platform/emdrv/sleep/src/sleep.o
                0x000000000000a8d0                SLEEP_LowestEnergyModeGet
 .text.flashWaitStateControl
                0x000000000000a8ec       0x5c ./platform/emlib/src/em_cmu.o
 .text.flashWaitStateMax
                0x000000000000a948       0x24 ./platform/emlib/src/em_cmu.o
 .text.CMU_OscillatorTuningSet.part.2
                0x000000000000a96c       0x3c ./platform/emlib/src/em_cmu.o
 .text.CMU_UpdateWaitStates
                0x000000000000a9a8       0x1c ./platform/emlib/src/em_cmu.o
                0x000000000000a9a8                CMU_UpdateWaitStates
 .text.CMU_ClockEnable
                0x000000000000a9c4       0x94 ./platform/emlib/src/em_cmu.o
                0x000000000000a9c4                CMU_ClockEnable
 .text.CMU_ClockSelectGet
                0x000000000000aa58       0xc4 ./platform/emlib/src/em_cmu.o
                0x000000000000aa58                CMU_ClockSelectGet
 .text.lfClkGet
                0x000000000000ab1c       0x94 ./platform/emlib/src/em_cmu.o
 .text.CMU_ClockFreqGet
                0x000000000000abb0      0x1a8 ./platform/emlib/src/em_cmu.o
                0x000000000000abb0                CMU_ClockFreqGet
 .text.CMU_HFXOInit
                0x000000000000ad58       0x84 ./platform/emlib/src/em_cmu.o
                0x000000000000ad58                CMU_HFXOInit
 .text.CMU_LFXOInit
                0x000000000000addc       0x50 ./platform/emlib/src/em_cmu.o
                0x000000000000addc                CMU_LFXOInit
 .text.CMU_OscillatorTuningWait
                0x000000000000ae2c       0x48 ./platform/emlib/src/em_cmu.o
                0x000000000000ae2c                CMU_OscillatorTuningWait
 .text.CMU_OscillatorEnable
                0x000000000000ae74      0x110 ./platform/emlib/src/em_cmu.o
                0x000000000000ae74                CMU_OscillatorEnable
 .text.CMU_ClockSelectSet
                0x000000000000af84      0x2a8 ./platform/emlib/src/em_cmu.o
                0x000000000000af84                CMU_ClockSelectSet
 .text.CMU_HFXOAutostartEnable
                0x000000000000b22c       0xe4 ./platform/emlib/src/em_cmu.o
                0x000000000000b22c                CMU_HFXOAutostartEnable
 .text.CORE_EnterCritical
                0x000000000000b310        0x8 ./platform/emlib/src/em_core.o
                0x000000000000b310                CORE_EnterCritical
 .text.CORE_ExitCritical
                0x000000000000b318        0x8 ./platform/emlib/src/em_core.o
                0x000000000000b318                CORE_ExitCritical
 .text.CORE_EnterAtomic
                0x000000000000b320        0x8 ./platform/emlib/src/em_core.o
                0x000000000000b320                CORE_EnterAtomic
 .text.CORE_ExitAtomic
                0x000000000000b328        0x4 ./platform/emlib/src/em_core.o
                0x000000000000b328                CORE_ExitAtomic
 .text.CORE_SetNvicRamTableHandler
                0x000000000000b32c       0x10 ./platform/emlib/src/em_core.o
                0x000000000000b32c                CORE_SetNvicRamTableHandler
 .text.CORE_InitNvicVectorTable
                0x000000000000b33c       0x44 ./platform/emlib/src/em_core.o
                0x000000000000b33c                CORE_InitNvicVectorTable
 .text.CRYPTO_ModulusSet
                0x000000000000b380       0x38 ./platform/emlib/src/em_crypto.o
                0x000000000000b380                CRYPTO_ModulusSet
 .text.CRYPTO_KeyRead
                0x000000000000b3b8       0x2c ./platform/emlib/src/em_crypto.o
                0x000000000000b3b8                CRYPTO_KeyRead
 .text.lpGetDevinfoVrefLowHigh
                0x000000000000b3e4       0xdc ./platform/emlib/src/em_emu.o
 .text.vScaleDownEM23Setup
                0x000000000000b4c0       0x30 ./platform/emlib/src/em_emu.o
 .text.vScaleAfterWakeup.part.1
                0x000000000000b4f0       0x20 ./platform/emlib/src/em_emu.o
 .text.lpCmpHystCalibrationLoad.isra.2
                0x000000000000b510       0x60 ./platform/emlib/src/em_emu.o
 .text.emState.part.3
                0x000000000000b570       0xc0 ./platform/emlib/src/em_emu.o
 .text.emState.constprop.5
                0x000000000000b630       0x50 ./platform/emlib/src/em_emu.o
 .text.EMU_EnterEM2
                0x000000000000b680       0x4c ./platform/emlib/src/em_emu.o
                0x000000000000b680                EMU_EnterEM2
 .text.EMU_EnterEM3
                0x000000000000b6cc       0x68 ./platform/emlib/src/em_emu.o
                0x000000000000b6cc                EMU_EnterEM3
 .text.EMU_Save
                0x000000000000b734        0x4 ./platform/emlib/src/em_emu.o
                0x000000000000b734                EMU_Save
 .text.EMU_Restore
                0x000000000000b738        0x4 ./platform/emlib/src/em_emu.o
                0x000000000000b738                EMU_Restore
 .text.EMU_EnterEM4
                0x000000000000b73c       0x30 ./platform/emlib/src/em_emu.o
                0x000000000000b73c                EMU_EnterEM4
 .text.EMU_VScaleEM01
                0x000000000000b76c       0x78 ./platform/emlib/src/em_emu.o
                0x000000000000b76c                EMU_VScaleEM01
 .text.EMU_VScaleEM01ByClock
                0x000000000000b7e4       0x50 ./platform/emlib/src/em_emu.o
                0x000000000000b7e4                EMU_VScaleEM01ByClock
 .text.EMU_EM01Init
                0x000000000000b834       0x14 ./platform/emlib/src/em_emu.o
                0x000000000000b834                EMU_EM01Init
 .text.EMU_EM23Init
                0x000000000000b848       0x24 ./platform/emlib/src/em_emu.o
                0x000000000000b848                EMU_EM23Init
 .text.EMU_DCDCModeSet
                0x000000000000b86c       0x84 ./platform/emlib/src/em_emu.o
                0x000000000000b86c                EMU_DCDCModeSet
 .text.EMU_DCDCOutputVoltageSet
                0x000000000000b8f0      0x16c ./platform/emlib/src/em_emu.o
                0x000000000000b8f0                EMU_DCDCOutputVoltageSet
 .text.EMU_DCDCOptimizeSlice
                0x000000000000ba5c       0xf8 ./platform/emlib/src/em_emu.o
                0x000000000000ba5c                EMU_DCDCOptimizeSlice
 .text.EMU_DCDCInit
                0x000000000000bb54      0x10c ./platform/emlib/src/em_emu.o
                0x000000000000bb54                EMU_DCDCInit
 .text.EMU_DCDCLnRcoBandSet
                0x000000000000bc60       0x24 ./platform/emlib/src/em_emu.o
                0x000000000000bc60                EMU_DCDCLnRcoBandSet
 .text.GPIO_PinModeSet
                0x000000000000bc84       0x94 ./platform/emlib/src/em_gpio.o
                0x000000000000bc84                GPIO_PinModeSet
 .text.MSC_Init
                0x000000000000bd18       0x20 ./platform/emlib/src/em_msc.o
                0x000000000000bd18                MSC_Init
 .text.MSC_Deinit
                0x000000000000bd38       0x14 ./platform/emlib/src/em_msc.o
                0x000000000000bd38                MSC_Deinit
 .text.RMU_ResetCauseClear
                0x000000000000bd4c        0xc ./platform/emlib/src/em_rmu.o
                0x000000000000bd4c                RMU_ResetCauseClear
 .text.RMU_ResetCauseGet
                0x000000000000bd58       0x60 ./platform/emlib/src/em_rmu.o
                0x000000000000bd58                RMU_ResetCauseGet
 .text.RTCC_Init
                0x000000000000bdb8       0x64 ./platform/emlib/src/em_rtcc.o
                0x000000000000bdb8                RTCC_Init
 .text.SYSTEM_ChipRevisionGet
                0x000000000000be1c       0x34 ./platform/emlib/src/em_system.o
                0x000000000000be1c                SYSTEM_ChipRevisionGet
 .text.USART_BaudrateAsyncSet
                0x000000000000be50       0x68 ./platform/emlib/src/em_usart.o
                0x000000000000be50                USART_BaudrateAsyncSet
 .text.USART_Enable
                0x000000000000beb8       0x10 ./platform/emlib/src/em_usart.o
                0x000000000000beb8                USART_Enable
 .text.USART_InitAsync
                0x000000000000bec8       0xbc ./platform/emlib/src/em_usart.o
                0x000000000000bec8                USART_InitAsync
 .text.USART_InitSync
                0x000000000000bf84       0xe0 ./platform/emlib/src/em_usart.o
                0x000000000000bf84                USART_InitSync
 .text.USART_Reset
                0x000000000000c064       0x58 ./platform/emlib/src/em_usart.o
                0x000000000000c064                USART_Reset
 .text.USART_Rx
                0x000000000000c0bc        0xc ./platform/emlib/src/em_usart.o
                0x000000000000c0bc                USART_Rx
 .text.USART_SpiTransfer
                0x000000000000c0c8       0x14 ./platform/emlib/src/em_usart.o
                0x000000000000c0c8                USART_SpiTransfer
 .text.USART_Tx
                0x000000000000c0dc        0xc ./platform/emlib/src/em_usart.o
                0x000000000000c0dc                USART_Tx
 .text.convert_scan_respone_packet_type.isra.0
                0x000000000000c0e8       0x44 /Users/clfilho/SimplicityStudio/BLE/SPP-Server_BG13/protocol/bluetooth/lib/EFR32BG13P/GCC/libbluetooth.a(bgapi.c.obj)
 .text.bgapi_ubt_listener
                0x000000000000c12c      0x3fc /Users/clfilho/SimplicityStudio/BLE/SPP-Server_BG13/protocol/bluetooth/lib/EFR32BG13P/GCC/libbluetooth.a(bgapi.c.obj)
                0x000000000000c12c                bgapi_ubt_listener
 .text.register_message_handler
                0x000000000000c528        0xc /Users/clfilho/SimplicityStudio/BLE/SPP-Server_BG13/protocol/bluetooth/lib/EFR32BG13P/GCC/libbluetooth.a(bgapi.c.obj)
                0x000000000000c528                register_message_handler
 .text.bgapi_init
                0x000000000000c534       0x1c /Users/clfilho/SimplicityStudio/BLE/SPP-Server_BG13/protocol/bluetooth/lib/EFR32BG13P/GCC/libbluetooth.a(bgapi.c.obj)
                0x000000000000c534                bgapi_init
 .text.bgapi_buffer_init
                0x000000000000c550       0x30 /Users/clfilho/SimplicityStudio/BLE/SPP-Server_BG13/protocol/bluetooth/lib/EFR32BG13P/GCC/libbluetooth.a(bgapi.c.obj)
                0x000000000000c550                bgapi_buffer_init
 .text.bg_set_max_tx_power
                0x000000000000c580       0x68 /Users/clfilho/SimplicityStudio/BLE/SPP-Server_BG13/protocol/bluetooth/lib/EFR32BG13P/GCC/libbluetooth.a(bgapi.c.obj)
                0x000000000000c580                bg_set_max_tx_power
 .text.lib_endpoint_handler_init
                0x000000000000c5e8        0x2 /Users/clfilho/SimplicityStudio/BLE/SPP-Server_BG13/protocol/bluetooth/lib/EFR32BG13P/GCC/libbluetooth.a(bgapi_endpoint.c.obj)
                0x000000000000c5e8                lib_endpoint_handler_init
 *fill*         0x000000000000c5ea        0x2 
 .text.sli_bt_cmd_endpoint_close
                0x000000000000c5ec       0x3c /Users/clfilho/SimplicityStudio/BLE/SPP-Server_BG13/protocol/bluetooth/lib/EFR32BG13P/GCC/libbluetooth.a(bgapi_endpoint.c.obj)
                0x000000000000c5ec                sli_bt_cmd_endpoint_close
 .text.lib_le_gap_handler_init
                0x000000000000c628        0x2 /Users/clfilho/SimplicityStudio/BLE/SPP-Server_BG13/protocol/bluetooth/lib/EFR32BG13P/GCC/libbluetooth.a(bgapi_gap.c.obj)
                0x000000000000c628                lib_le_gap_handler_init
 *fill*         0x000000000000c62a        0x2 
 .text.sli_bt_cmd_le_gap_set_mode
                0x000000000000c62c       0x44 /Users/clfilho/SimplicityStudio/BLE/SPP-Server_BG13/protocol/bluetooth/lib/EFR32BG13P/GCC/libbluetooth.a(bgapi_gap.c.obj)
                0x000000000000c62c                sli_bt_cmd_le_gap_set_mode
 .text.sli_bt_cmd_le_gap_open
                0x000000000000c670       0x58 /Users/clfilho/SimplicityStudio/BLE/SPP-Server_BG13/protocol/bluetooth/lib/EFR32BG13P/GCC/libbluetooth.a(bgapi_gap.c.obj)
                0x000000000000c670                sli_bt_cmd_le_gap_open
 .text.sli_bt_cmd_le_gap_discover
                0x000000000000c6c8       0x30 /Users/clfilho/SimplicityStudio/BLE/SPP-Server_BG13/protocol/bluetooth/lib/EFR32BG13P/GCC/libbluetooth.a(bgapi_gap.c.obj)
                0x000000000000c6c8                sli_bt_cmd_le_gap_discover
 .text.sli_bt_cmd_le_gap_end_procedure
                0x000000000000c6f8       0x2c /Users/clfilho/SimplicityStudio/BLE/SPP-Server_BG13/protocol/bluetooth/lib/EFR32BG13P/GCC/libbluetooth.a(bgapi_gap.c.obj)
                0x000000000000c6f8                sli_bt_cmd_le_gap_end_procedure
 .text.sli_bt_cmd_le_gap_set_advertise_timing
                0x000000000000c724       0x3c /Users/clfilho/SimplicityStudio/BLE/SPP-Server_BG13/protocol/bluetooth/lib/EFR32BG13P/GCC/libbluetooth.a(bgapi_gap.c.obj)
                0x000000000000c724                sli_bt_cmd_le_gap_set_advertise_timing
 .text.sli_bt_cmd_le_gap_start_advertising
                0x000000000000c760       0x38 /Users/clfilho/SimplicityStudio/BLE/SPP-Server_BG13/protocol/bluetooth/lib/EFR32BG13P/GCC/libbluetooth.a(bgapi_gap.c.obj)
                0x000000000000c760                sli_bt_cmd_le_gap_start_advertising
 .text.bgapi_gatt_listener
                0x000000000000c798      0x28c /Users/clfilho/SimplicityStudio/BLE/SPP-Server_BG13/protocol/bluetooth/lib/EFR32BG13P/GCC/libbluetooth.a(bgapi_gatt.c.obj)
                0x000000000000c798                bgapi_gatt_listener
 .text.lib_gatt_handler_init
                0x000000000000ca24        0x4 /Users/clfilho/SimplicityStudio/BLE/SPP-Server_BG13/protocol/bluetooth/lib/EFR32BG13P/GCC/libbluetooth.a(bgapi_gatt_lib.c.obj)
                0x000000000000ca24                lib_gatt_handler_init
 .text.lib_gatt_server_handler_init
                0x000000000000ca28        0x2 /Users/clfilho/SimplicityStudio/BLE/SPP-Server_BG13/protocol/bluetooth/lib/EFR32BG13P/GCC/libbluetooth.a(bgapi_gatt_lib.c.obj)
                0x000000000000ca28                lib_gatt_server_handler_init
 *fill*         0x000000000000ca2a        0x2 
 .text.sli_bt_cmd_gatt_set_max_mtu
                0x000000000000ca2c       0x3c /Users/clfilho/SimplicityStudio/BLE/SPP-Server_BG13/protocol/bluetooth/lib/EFR32BG13P/GCC/libbluetooth.a(bgapi_gatt_lib.c.obj)
                0x000000000000ca2c                sli_bt_cmd_gatt_set_max_mtu
 .text.sli_bt_cmd_gatt_discover_primary_services_by_uuid
                0x000000000000ca68       0x44 /Users/clfilho/SimplicityStudio/BLE/SPP-Server_BG13/protocol/bluetooth/lib/EFR32BG13P/GCC/libbluetooth.a(bgapi_gatt_lib.c.obj)
                0x000000000000ca68                sli_bt_cmd_gatt_discover_primary_services_by_uuid
 .text.sli_bt_cmd_gatt_discover_characteristics
                0x000000000000caac       0x30 /Users/clfilho/SimplicityStudio/BLE/SPP-Server_BG13/protocol/bluetooth/lib/EFR32BG13P/GCC/libbluetooth.a(bgapi_gatt_lib.c.obj)
                0x000000000000caac                sli_bt_cmd_gatt_discover_characteristics
 .text.sli_bt_cmd_gatt_write_characteristic_value_without_response
                0x000000000000cadc       0x40 /Users/clfilho/SimplicityStudio/BLE/SPP-Server_BG13/protocol/bluetooth/lib/EFR32BG13P/GCC/libbluetooth.a(bgapi_gatt_lib.c.obj)
                0x000000000000cadc                sli_bt_cmd_gatt_write_characteristic_value_without_response
 .text.sli_bt_cmd_gatt_set_characteristic_notification
                0x000000000000cb1c       0x34 /Users/clfilho/SimplicityStudio/BLE/SPP-Server_BG13/protocol/bluetooth/lib/EFR32BG13P/GCC/libbluetooth.a(bgapi_gatt_lib.c.obj)
                0x000000000000cb1c                sli_bt_cmd_gatt_set_characteristic_notification
 .text.sli_bt_cmd_gatt_server_send_user_write_response
                0x000000000000cb50       0x34 /Users/clfilho/SimplicityStudio/BLE/SPP-Server_BG13/protocol/bluetooth/lib/EFR32BG13P/GCC/libbluetooth.a(bgapi_gatt_lib.c.obj)
                0x000000000000cb50                sli_bt_cmd_gatt_server_send_user_write_response
 .text.sli_bt_cmd_gatt_server_send_characteristic_notification
                0x000000000000cb84       0x44 /Users/clfilho/SimplicityStudio/BLE/SPP-Server_BG13/protocol/bluetooth/lib/EFR32BG13P/GCC/libbluetooth.a(bgapi_gatt_lib.c.obj)
                0x000000000000cb84                sli_bt_cmd_gatt_server_send_characteristic_notification
 .text.bgapi_hardware_soft_timer_listener
                0x000000000000cbc8       0x68 /Users/clfilho/SimplicityStudio/BLE/SPP-Server_BG13/protocol/bluetooth/lib/EFR32BG13P/GCC/libbluetooth.a(bgapi_hardware.c.obj)
                0x000000000000cbc8                bgapi_hardware_soft_timer_listener
 .text.handle_timer_command
                0x000000000000cc30       0x80 /Users/clfilho/SimplicityStudio/BLE/SPP-Server_BG13/protocol/bluetooth/lib/EFR32BG13P/GCC/libbluetooth.a(bgapi_hardware.c.obj)
 .text.lib_hardware_handler_init
                0x000000000000ccb0       0x14 /Users/clfilho/SimplicityStudio/BLE/SPP-Server_BG13/protocol/bluetooth/lib/EFR32BG13P/GCC/libbluetooth.a(bgapi_hardware.c.obj)
                0x000000000000ccb0                lib_hardware_handler_init
 .text.sli_bt_cmd_hardware_set_soft_timer
                0x000000000000ccc4       0x34 /Users/clfilho/SimplicityStudio/BLE/SPP-Server_BG13/protocol/bluetooth/lib/EFR32BG13P/GCC/libbluetooth.a(bgapi_hardware.c.obj)
                0x000000000000ccc4                sli_bt_cmd_hardware_set_soft_timer
 .text.lib_le_connection_handler_init
                0x000000000000ccf8        0x2 /Users/clfilho/SimplicityStudio/BLE/SPP-Server_BG13/protocol/bluetooth/lib/EFR32BG13P/GCC/libbluetooth.a(bgapi_le_connection.c.obj)
                0x000000000000ccf8                lib_le_connection_handler_init
 *fill*         0x000000000000ccfa        0x2 
 .text.sli_bt_cmd_le_connection_set_parameters
                0x000000000000ccfc       0x48 /Users/clfilho/SimplicityStudio/BLE/SPP-Server_BG13/protocol/bluetooth/lib/EFR32BG13P/GCC/libbluetooth.a(bgapi_le_connection.c.obj)
                0x000000000000ccfc                sli_bt_cmd_le_connection_set_parameters
 .text.bgapi_close_le_connection
                0x000000000000cd44       0x16 /Users/clfilho/SimplicityStudio/BLE/SPP-Server_BG13/protocol/bluetooth/lib/EFR32BG13P/GCC/libbluetooth.a(bgapi_le_connection.c.obj)
                0x000000000000cd44                bgapi_close_le_connection
 *fill*         0x000000000000cd5a        0x2 
 .text.sli_bt_cmd_le_connection_close
                0x000000000000cd5c       0x2c /Users/clfilho/SimplicityStudio/BLE/SPP-Server_BG13/protocol/bluetooth/lib/EFR32BG13P/GCC/libbluetooth.a(bgapi_le_connection.c.obj)
                0x000000000000cd5c                sli_bt_cmd_le_connection_close
 .text.bgapi_system_listener
                0x000000000000cd88       0x30 /Users/clfilho/SimplicityStudio/BLE/SPP-Server_BG13/protocol/bluetooth/lib/EFR32BG13P/GCC/libbluetooth.a(bgapi_system.c.obj)
                0x000000000000cd88                bgapi_system_listener
 .text.lib_system_handler_init
                0x000000000000cdb8       0x14 /Users/clfilho/SimplicityStudio/BLE/SPP-Server_BG13/protocol/bluetooth/lib/EFR32BG13P/GCC/libbluetooth.a(bgapi_system.c.obj)
                0x000000000000cdb8                lib_system_handler_init
 .text.sli_bt_cmd_system_reset
                0x000000000000cdcc        0x6 /Users/clfilho/SimplicityStudio/BLE/SPP-Server_BG13/protocol/bluetooth/lib/EFR32BG13P/GCC/libbluetooth.a(bgapi_system.c.obj)
                0x000000000000cdcc                sli_bt_cmd_system_reset
 *fill*         0x000000000000cdd2        0x2 
 .text.bgbuf_alloc_int
                0x000000000000cdd4       0x9c /Users/clfilho/SimplicityStudio/BLE/SPP-Server_BG13/protocol/bluetooth/lib/EFR32BG13P/GCC/libbluetooth.a(bgbuf.c.obj)
 .text.bgbuf_init
                0x000000000000ce70       0x2c /Users/clfilho/SimplicityStudio/BLE/SPP-Server_BG13/protocol/bluetooth/lib/EFR32BG13P/GCC/libbluetooth.a(bgbuf.c.obj)
                0x000000000000ce70                bgbuf_init
 .text.bgbuf_alloc
                0x000000000000ce9c        0xc /Users/clfilho/SimplicityStudio/BLE/SPP-Server_BG13/protocol/bluetooth/lib/EFR32BG13P/GCC/libbluetooth.a(bgbuf.c.obj)
                0x000000000000ce9c                bgbuf_alloc
 .text.bgbuf_alloc_size
                0x000000000000cea8       0x10 /Users/clfilho/SimplicityStudio/BLE/SPP-Server_BG13/protocol/bluetooth/lib/EFR32BG13P/GCC/libbluetooth.a(bgbuf.c.obj)
                0x000000000000cea8                bgbuf_alloc_size
 .text.bgbuf_free
                0x000000000000ceb8       0x7c /Users/clfilho/SimplicityStudio/BLE/SPP-Server_BG13/protocol/bluetooth/lib/EFR32BG13P/GCC/libbluetooth.a(bgbuf.c.obj)
                0x000000000000ceb8                bgbuf_free
 .text.bgbuf_append
                0x000000000000cf34       0x16 /Users/clfilho/SimplicityStudio/BLE/SPP-Server_BG13/protocol/bluetooth/lib/EFR32BG13P/GCC/libbluetooth.a(bgbuf.c.obj)
                0x000000000000cf34                bgbuf_append
 .text.bgbuf_append_data
                0x000000000000cf4a       0x24 /Users/clfilho/SimplicityStudio/BLE/SPP-Server_BG13/protocol/bluetooth/lib/EFR32BG13P/GCC/libbluetooth.a(bgbuf.c.obj)
                0x000000000000cf4a                bgbuf_append_data
 .text.bgbuf_copy_to
                0x000000000000cf6e       0x5e /Users/clfilho/SimplicityStudio/BLE/SPP-Server_BG13/protocol/bluetooth/lib/EFR32BG13P/GCC/libbluetooth.a(bgbuf.c.obj)
                0x000000000000cf6e                bgbuf_copy_to
 .text.bgbuf_chain_free
                0x000000000000cfcc       0x14 /Users/clfilho/SimplicityStudio/BLE/SPP-Server_BG13/protocol/bluetooth/lib/EFR32BG13P/GCC/libbluetooth.a(bgbuf.c.obj)
                0x000000000000cfcc                bgbuf_chain_free
 .text.bgbuf_clone
                0x000000000000cfe0       0x72 /Users/clfilho/SimplicityStudio/BLE/SPP-Server_BG13/protocol/bluetooth/lib/EFR32BG13P/GCC/libbluetooth.a(bgbuf.c.obj)
                0x000000000000cfe0                bgbuf_clone
 .text.bgbuf_chain_pop_packet
                0x000000000000d052       0x26 /Users/clfilho/SimplicityStudio/BLE/SPP-Server_BG13/protocol/bluetooth/lib/EFR32BG13P/GCC/libbluetooth.a(bgbuf.c.obj)
                0x000000000000d052                bgbuf_chain_pop_packet
 .text.bgbuf_prepend_no_alloc
                0x000000000000d078       0x40 /Users/clfilho/SimplicityStudio/BLE/SPP-Server_BG13/protocol/bluetooth/lib/EFR32BG13P/GCC/libbluetooth.a(bgbuf.c.obj)
                0x000000000000d078                bgbuf_prepend_no_alloc
 .text.bgbuf_prepend
                0x000000000000d0b8       0x24 /Users/clfilho/SimplicityStudio/BLE/SPP-Server_BG13/protocol/bluetooth/lib/EFR32BG13P/GCC/libbluetooth.a(bgbuf.c.obj)
                0x000000000000d0b8                bgbuf_prepend
 .text.bgbuf_split
                0x000000000000d0dc       0x50 /Users/clfilho/SimplicityStudio/BLE/SPP-Server_BG13/protocol/bluetooth/lib/EFR32BG13P/GCC/libbluetooth.a(bgbuf.c.obj)
                0x000000000000d0dc                bgbuf_split
 .text.bgbuf_chain_get
                0x000000000000d12c       0x46 /Users/clfilho/SimplicityStudio/BLE/SPP-Server_BG13/protocol/bluetooth/lib/EFR32BG13P/GCC/libbluetooth.a(bgbuf.c.obj)
                0x000000000000d12c                bgbuf_chain_get
 .text.bgbuf_chain_get_head
                0x000000000000d172       0x10 /Users/clfilho/SimplicityStudio/BLE/SPP-Server_BG13/protocol/bluetooth/lib/EFR32BG13P/GCC/libbluetooth.a(bgbuf.c.obj)
                0x000000000000d172                bgbuf_chain_get_head
 .text.bgbuf_chain_len
                0x000000000000d182       0x14 /Users/clfilho/SimplicityStudio/BLE/SPP-Server_BG13/protocol/bluetooth/lib/EFR32BG13P/GCC/libbluetooth.a(bgbuf.c.obj)
                0x000000000000d182                bgbuf_chain_len
 .text.bgbuf_memcmp
                0x000000000000d196       0x44 /Users/clfilho/SimplicityStudio/BLE/SPP-Server_BG13/protocol/bluetooth/lib/EFR32BG13P/GCC/libbluetooth.a(bgbuf.c.obj)
                0x000000000000d196                bgbuf_memcmp
 .text.bgbuf_cmp
                0x000000000000d1da       0xac /Users/clfilho/SimplicityStudio/BLE/SPP-Server_BG13/protocol/bluetooth/lib/EFR32BG13P/GCC/libbluetooth.a(bgbuf.c.obj)
                0x000000000000d1da                bgbuf_cmp
 .text.bgbuf_chain_add
                0x000000000000d286       0x14 /Users/clfilho/SimplicityStudio/BLE/SPP-Server_BG13/protocol/bluetooth/lib/EFR32BG13P/GCC/libbluetooth.a(bgbuf.c.obj)
                0x000000000000d286                bgbuf_chain_add
 .text.bgbuf_chain_append_data
                0x000000000000d29a       0x64 /Users/clfilho/SimplicityStudio/BLE/SPP-Server_BG13/protocol/bluetooth/lib/EFR32BG13P/GCC/libbluetooth.a(bgbuf.c.obj)
                0x000000000000d29a                bgbuf_chain_append_data
 .text.bgbuf_alloc_copy_data
                0x000000000000d2fe       0x2a /Users/clfilho/SimplicityStudio/BLE/SPP-Server_BG13/protocol/bluetooth/lib/EFR32BG13P/GCC/libbluetooth.a(bgbuf.c.obj)
                0x000000000000d2fe                bgbuf_alloc_copy_data
 .text.bgbuf_chain_drop
                0x000000000000d328       0x2c /Users/clfilho/SimplicityStudio/BLE/SPP-Server_BG13/protocol/bluetooth/lib/EFR32BG13P/GCC/libbluetooth.a(bgbuf.c.obj)
                0x000000000000d328                bgbuf_chain_drop
 .text.bgbuf_chain_drop_end
                0x000000000000d354       0x42 /Users/clfilho/SimplicityStudio/BLE/SPP-Server_BG13/protocol/bluetooth/lib/EFR32BG13P/GCC/libbluetooth.a(bgbuf.c.obj)
                0x000000000000d354                bgbuf_chain_drop_end
 .text.bgbuf_chain_defragment
                0x000000000000d396       0x8c /Users/clfilho/SimplicityStudio/BLE/SPP-Server_BG13/protocol/bluetooth/lib/EFR32BG13P/GCC/libbluetooth.a(bgbuf.c.obj)
                0x000000000000d396                bgbuf_chain_defragment
 *fill*         0x000000000000d422        0x2 
 .text.bgbuf_add_callback
                0x000000000000d424       0x1c /Users/clfilho/SimplicityStudio/BLE/SPP-Server_BG13/protocol/bluetooth/lib/EFR32BG13P/GCC/libbluetooth.a(bgbuf.c.obj)
                0x000000000000d424                bgbuf_add_callback
 .text.gecko_init_alloc
                0x000000000000d440       0x38 /Users/clfilho/SimplicityStudio/BLE/SPP-Server_BG13/protocol/bluetooth/lib/EFR32BG13P/GCC/libbluetooth.a(bglib.c.obj)
                0x000000000000d440                gecko_init_alloc
 .text.user_signal_message_handler
                0x000000000000d478       0x2c /Users/clfilho/SimplicityStudio/BLE/SPP-Server_BG13/protocol/bluetooth/lib/EFR32BG13P/GCC/libbluetooth.a(bglib.c.obj)
 .text.gecko_process_event
                0x000000000000d4a4       0x5c /Users/clfilho/SimplicityStudio/BLE/SPP-Server_BG13/protocol/bluetooth/lib/EFR32BG13P/GCC/libbluetooth.a(bglib.c.obj)
 .text.check_ctune_override
                0x000000000000d500       0x2c /Users/clfilho/SimplicityStudio/BLE/SPP-Server_BG13/protocol/bluetooth/lib/EFR32BG13P/GCC/libbluetooth.a(bglib.c.obj)
                0x000000000000d500                check_ctune_override
 .text.gecko_stack_init
                0x000000000000d52c      0x250 /Users/clfilho/SimplicityStudio/BLE/SPP-Server_BG13/protocol/bluetooth/lib/EFR32BG13P/GCC/libbluetooth.a(bglib.c.obj)
                0x000000000000d52c                gecko_stack_init
 .text.gecko_wait_event
                0x000000000000d77c        0x6 /Users/clfilho/SimplicityStudio/BLE/SPP-Server_BG13/protocol/bluetooth/lib/EFR32BG13P/GCC/libbluetooth.a(bglib.c.obj)
                0x000000000000d77c                gecko_wait_event
 .text.gecko_peek_event
                0x000000000000d782        0x6 /Users/clfilho/SimplicityStudio/BLE/SPP-Server_BG13/protocol/bluetooth/lib/EFR32BG13P/GCC/libbluetooth.a(bglib.c.obj)
                0x000000000000d782                gecko_peek_event
 .text.gecko_stack_update_callback
                0x000000000000d788       0x10 /Users/clfilho/SimplicityStudio/BLE/SPP-Server_BG13/protocol/bluetooth/lib/EFR32BG13P/GCC/libbluetooth.a(bglib.c.obj)
                0x000000000000d788                gecko_stack_update_callback
 .text.bootloader_getInfo
                0x000000000000d798       0x58 /Users/clfilho/SimplicityStudio/BLE/SPP-Server_BG13/protocol/bluetooth/lib/EFR32BG13P/GCC/libbluetooth.a(btl_interface.c.obj)
                0x000000000000d798                bootloader_getInfo
 .text.bg_hal_get_current_ctune
                0x000000000000d7f0       0x14 /Users/clfilho/SimplicityStudio/BLE/SPP-Server_BG13/protocol/bluetooth/lib/EFR32BG13P/GCC/libbluetooth.a(efr32xg1x.c.obj)
                0x000000000000d7f0                bg_hal_get_current_ctune
 .text.bg_hal_set_ctune
                0x000000000000d804       0x64 /Users/clfilho/SimplicityStudio/BLE/SPP-Server_BG13/protocol/bluetooth/lib/EFR32BG13P/GCC/libbluetooth.a(efr32xg1x.c.obj)
                0x000000000000d804                bg_hal_set_ctune
 .text.bg_hal_get_le_phys
                0x000000000000d868        0x4 /Users/clfilho/SimplicityStudio/BLE/SPP-Server_BG13/protocol/bluetooth/lib/EFR32BG13P/GCC/libbluetooth.a(efr32xg1x.c.obj)
                0x000000000000d868                bg_hal_get_le_phys
 .text.bg_hal_has_high_power_pa
                0x000000000000d86c       0x10 /Users/clfilho/SimplicityStudio/BLE/SPP-Server_BG13/protocol/bluetooth/lib/EFR32BG13P/GCC/libbluetooth.a(efr32xg1x.c.obj)
                0x000000000000d86c                bg_hal_has_high_power_pa
 .text.bg_hal_init_hfbus_clocks
                0x000000000000d87c       0x14 /Users/clfilho/SimplicityStudio/BLE/SPP-Server_BG13/protocol/bluetooth/lib/EFR32BG13P/GCC/libbluetooth.a(efr32xg1x.c.obj)
                0x000000000000d87c                bg_hal_init_hfbus_clocks
 .text.gap_is_scanning_or_advertising.part.0
                0x000000000000d890       0x2c /Users/clfilho/SimplicityStudio/BLE/SPP-Server_BG13/protocol/bluetooth/lib/EFR32BG13P/GCC/libbluetooth.a(gap.c.obj)
 .text.gap_is_resolvable
                0x000000000000d8bc       0x18 /Users/clfilho/SimplicityStudio/BLE/SPP-Server_BG13/protocol/bluetooth/lib/EFR32BG13P/GCC/libbluetooth.a(gap.c.obj)
                0x000000000000d8bc                gap_is_resolvable
 .text.gap_init
                0x000000000000d8d4       0x14 /Users/clfilho/SimplicityStudio/BLE/SPP-Server_BG13/protocol/bluetooth/lib/EFR32BG13P/GCC/libbluetooth.a(gap.c.obj)
                0x000000000000d8d4                gap_init
 .text.gap_reset_state
                0x000000000000d8e8       0xac /Users/clfilho/SimplicityStudio/BLE/SPP-Server_BG13/protocol/bluetooth/lib/EFR32BG13P/GCC/libbluetooth.a(gap.c.obj)
                0x000000000000d8e8                gap_reset_state
 .text.gap_notify_connection_parameters
                0x000000000000d994       0x60 /Users/clfilho/SimplicityStudio/BLE/SPP-Server_BG13/protocol/bluetooth/lib/EFR32BG13P/GCC/libbluetooth.a(gap.c.obj)
                0x000000000000d994                gap_notify_connection_parameters
 .text.gap_connection_complete.part.4
                0x000000000000d9f4       0xc8 /Users/clfilho/SimplicityStudio/BLE/SPP-Server_BG13/protocol/bluetooth/lib/EFR32BG13P/GCC/libbluetooth.a(gap.c.obj)
 .text.gap_notify_phy_status
                0x000000000000dabc       0x3c /Users/clfilho/SimplicityStudio/BLE/SPP-Server_BG13/protocol/bluetooth/lib/EFR32BG13P/GCC/libbluetooth.a(gap.c.obj)
                0x000000000000dabc                gap_notify_phy_status
 .text.gap_resolver_completed
                0x000000000000daf8       0x90 /Users/clfilho/SimplicityStudio/BLE/SPP-Server_BG13/protocol/bluetooth/lib/EFR32BG13P/GCC/libbluetooth.a(gap.c.obj)
                0x000000000000daf8                gap_resolver_completed
 .text.ubt_gap_set_le_connection_parameters
                0x000000000000db88       0xa0 /Users/clfilho/SimplicityStudio/BLE/SPP-Server_BG13/protocol/bluetooth/lib/EFR32BG13P/GCC/libbluetooth.a(gap.c.obj)
                0x000000000000db88                ubt_gap_set_le_connection_parameters
 .text.check_private_address_and_timer
                0x000000000000dc28       0x64 /Users/clfilho/SimplicityStudio/BLE/SPP-Server_BG13/protocol/bluetooth/lib/EFR32BG13P/GCC/libbluetooth.a(gap.c.obj)
                0x000000000000dc28                check_private_address_and_timer
 .text.gap_scan_update
                0x000000000000dc8c       0xb8 /Users/clfilho/SimplicityStudio/BLE/SPP-Server_BG13/protocol/bluetooth/lib/EFR32BG13P/GCC/libbluetooth.a(gap.c.obj)
                0x000000000000dc8c                gap_scan_update
 .text.gap_listener
                0x000000000000dd44       0xa0 /Users/clfilho/SimplicityStudio/BLE/SPP-Server_BG13/protocol/bluetooth/lib/EFR32BG13P/GCC/libbluetooth.a(gap.c.obj)
                0x000000000000dd44                gap_listener
 .text.ubt_gap_end_le_procedure
                0x000000000000dde4       0x2c /Users/clfilho/SimplicityStudio/BLE/SPP-Server_BG13/protocol/bluetooth/lib/EFR32BG13P/GCC/libbluetooth.a(gap.c.obj)
                0x000000000000dde4                ubt_gap_end_le_procedure
 .text.gap_disconnect_acl
                0x000000000000de10       0x12 /Users/clfilho/SimplicityStudio/BLE/SPP-Server_BG13/protocol/bluetooth/lib/EFR32BG13P/GCC/libbluetooth.a(gap.c.obj)
                0x000000000000de10                gap_disconnect_acl
 *fill*         0x000000000000de22        0x2 
 .text.gap_connection_disconnected
                0x000000000000de24       0x34 /Users/clfilho/SimplicityStudio/BLE/SPP-Server_BG13/protocol/bluetooth/lib/EFR32BG13P/GCC/libbluetooth.a(gap.c.obj)
                0x000000000000de24                gap_connection_disconnected
 .text.gap_connection_complete
                0x000000000000de58       0x5c /Users/clfilho/SimplicityStudio/BLE/SPP-Server_BG13/protocol/bluetooth/lib/EFR32BG13P/GCC/libbluetooth.a(gap.c.obj)
                0x000000000000de58                gap_connection_complete
 .text.gap_encryption_changed
                0x000000000000deb4       0x50 /Users/clfilho/SimplicityStudio/BLE/SPP-Server_BG13/protocol/bluetooth/lib/EFR32BG13P/GCC/libbluetooth.a(gap.c.obj)
                0x000000000000deb4                gap_encryption_changed
 .text.ubt_gap_set_static_address_identity
                0x000000000000df04       0x50 /Users/clfilho/SimplicityStudio/BLE/SPP-Server_BG13/protocol/bluetooth/lib/EFR32BG13P/GCC/libbluetooth.a(gap.c.obj)
                0x000000000000df04                ubt_gap_set_static_address_identity
 .text.ubt_gap_get_identity_address
                0x000000000000df54       0x1c /Users/clfilho/SimplicityStudio/BLE/SPP-Server_BG13/protocol/bluetooth/lib/EFR32BG13P/GCC/libbluetooth.a(gap.c.obj)
                0x000000000000df54                ubt_gap_get_identity_address
 .text.gap_acl_new
                0x000000000000df70       0x30 /Users/clfilho/SimplicityStudio/BLE/SPP-Server_BG13/protocol/bluetooth/lib/EFR32BG13P/GCC/libbluetooth.a(gap.c.obj)
                0x000000000000df70                gap_acl_new
 .text.gap_open_acl
                0x000000000000dfa0      0x130 /Users/clfilho/SimplicityStudio/BLE/SPP-Server_BG13/protocol/bluetooth/lib/EFR32BG13P/GCC/libbluetooth.a(gap.c.obj)
                0x000000000000dfa0                gap_open_acl
 .text.ubt_gap_get_identity_address_type
                0x000000000000e0d0       0x10 /Users/clfilho/SimplicityStudio/BLE/SPP-Server_BG13/protocol/bluetooth/lib/EFR32BG13P/GCC/libbluetooth.a(gap.c.obj)
                0x000000000000e0d0                ubt_gap_get_identity_address_type
 .text.to_scanning_phy_index
                0x000000000000e0e0        0x8 /Users/clfilho/SimplicityStudio/BLE/SPP-Server_BG13/protocol/bluetooth/lib/EFR32BG13P/GCC/libbluetooth.a(gap.c.obj)
                0x000000000000e0e0                to_scanning_phy_index
 .text.cache_adv_scan_packet
                0x000000000000e0e8       0x20 /Users/clfilho/SimplicityStudio/BLE/SPP-Server_BG13/protocol/bluetooth/lib/EFR32BG13P/GCC/libbluetooth.a(gap_adv.c.obj)
 .text.bgbuf_chain_append_byte
                0x000000000000e108       0x16 /Users/clfilho/SimplicityStudio/BLE/SPP-Server_BG13/protocol/bluetooth/lib/EFR32BG13P/GCC/libbluetooth.a(gap_adv.c.obj)
 .text.gap_adv_add_attribute
                0x000000000000e11e       0xa6 /Users/clfilho/SimplicityStudio/BLE/SPP-Server_BG13/protocol/bluetooth/lib/EFR32BG13P/GCC/libbluetooth.a(gap_adv.c.obj)
 .text.gap_adv_add_name
                0x000000000000e1c4       0x9e /Users/clfilho/SimplicityStudio/BLE/SPP-Server_BG13/protocol/bluetooth/lib/EFR32BG13P/GCC/libbluetooth.a(gap_adv.c.obj)
 .text.use_legacy_advertising
                0x000000000000e262       0x36 /Users/clfilho/SimplicityStudio/BLE/SPP-Server_BG13/protocol/bluetooth/lib/EFR32BG13P/GCC/libbluetooth.a(gap_adv.c.obj)
 .text.gap_alloc_mem
                0x000000000000e298       0x2c /Users/clfilho/SimplicityStudio/BLE/SPP-Server_BG13/protocol/bluetooth/lib/EFR32BG13P/GCC/libbluetooth.a(gap_adv.c.obj)
                0x000000000000e298                gap_alloc_mem
 .text.gap_adv_terminated_callback
                0x000000000000e2c4       0x60 /Users/clfilho/SimplicityStudio/BLE/SPP-Server_BG13/protocol/bluetooth/lib/EFR32BG13P/GCC/libbluetooth.a(gap_adv.c.obj)
                0x000000000000e2c4                gap_adv_terminated_callback
 .text.gap_create_adv_packets
                0x000000000000e324      0x128 /Users/clfilho/SimplicityStudio/BLE/SPP-Server_BG13/protocol/bluetooth/lib/EFR32BG13P/GCC/libbluetooth.a(gap_adv.c.obj)
                0x000000000000e324                gap_create_adv_packets
 .text.gap_set_advertising_timeout
                0x000000000000e44c       0x7c /Users/clfilho/SimplicityStudio/BLE/SPP-Server_BG13/protocol/bluetooth/lib/EFR32BG13P/GCC/libbluetooth.a(gap_adv.c.obj)
                0x000000000000e44c                gap_set_advertising_timeout
 .text.gap_set_advertising_timing
                0x000000000000e4c8       0x64 /Users/clfilho/SimplicityStudio/BLE/SPP-Server_BG13/protocol/bluetooth/lib/EFR32BG13P/GCC/libbluetooth.a(gap_adv.c.obj)
                0x000000000000e4c8                gap_set_advertising_timing
 .text.gap_get_advertising_address_type
                0x000000000000e52c       0x20 /Users/clfilho/SimplicityStudio/BLE/SPP-Server_BG13/protocol/bluetooth/lib/EFR32BG13P/GCC/libbluetooth.a(gap_adv.c.obj)
                0x000000000000e52c                gap_get_advertising_address_type
 .text.gap_get_advertising_scan_report_enable
                0x000000000000e54c       0x24 /Users/clfilho/SimplicityStudio/BLE/SPP-Server_BG13/protocol/bluetooth/lib/EFR32BG13P/GCC/libbluetooth.a(gap_adv.c.obj)
                0x000000000000e54c                gap_get_advertising_scan_report_enable
 .text.gap_adv_update
                0x000000000000e570      0x1d0 /Users/clfilho/SimplicityStudio/BLE/SPP-Server_BG13/protocol/bluetooth/lib/EFR32BG13P/GCC/libbluetooth.a(gap_adv.c.obj)
                0x000000000000e570                gap_adv_update
 .text.gap_set_advertising_configuration
                0x000000000000e740       0x8c /Users/clfilho/SimplicityStudio/BLE/SPP-Server_BG13/protocol/bluetooth/lib/EFR32BG13P/GCC/libbluetooth.a(gap_adv.c.obj)
                0x000000000000e740                gap_set_advertising_configuration
 .text.gap_clear_advertising_configuration
                0x000000000000e7cc       0x80 /Users/clfilho/SimplicityStudio/BLE/SPP-Server_BG13/protocol/bluetooth/lib/EFR32BG13P/GCC/libbluetooth.a(gap_adv.c.obj)
                0x000000000000e7cc                gap_clear_advertising_configuration
 .text.gap_stop_advertising
                0x000000000000e84c       0x2c /Users/clfilho/SimplicityStudio/BLE/SPP-Server_BG13/protocol/bluetooth/lib/EFR32BG13P/GCC/libbluetooth.a(gap_adv.c.obj)
                0x000000000000e84c                gap_stop_advertising
 .text.gap_start_advertising
                0x000000000000e878      0x11c /Users/clfilho/SimplicityStudio/BLE/SPP-Server_BG13/protocol/bluetooth/lib/EFR32BG13P/GCC/libbluetooth.a(gap_adv.c.obj)
                0x000000000000e878                gap_start_advertising
 .text.ubt_gap_set_le_mode
                0x000000000000e994       0x64 /Users/clfilho/SimplicityStudio/BLE/SPP-Server_BG13/protocol/bluetooth/lib/EFR32BG13P/GCC/libbluetooth.a(gap_deprecated.c.obj)
                0x000000000000e994                ubt_gap_set_le_mode
 .text.gap_address_resolver_step
                0x000000000000e9f8       0x94 /Users/clfilho/SimplicityStudio/BLE/SPP-Server_BG13/protocol/bluetooth/lib/EFR32BG13P/GCC/libbluetooth.a(gap_resolver.c.obj)
                0x000000000000e9f8                gap_address_resolver_step
 .text.gap_resolver_start
                0x000000000000ea8c       0x40 /Users/clfilho/SimplicityStudio/BLE/SPP-Server_BG13/protocol/bluetooth/lib/EFR32BG13P/GCC/libbluetooth.a(gap_resolver.c.obj)
                0x000000000000ea8c                gap_resolver_start
 .text.gap_status_set_scan_packet
                0x000000000000eacc       0x20 /Users/clfilho/SimplicityStudio/BLE/SPP-Server_BG13/protocol/bluetooth/lib/EFR32BG13P/GCC/libbluetooth.a(gap_scan.c.obj)
                0x000000000000eacc                gap_status_set_scan_packet
 .text.gat_status_get_scan_packet
                0x000000000000eaec        0xc /Users/clfilho/SimplicityStudio/BLE/SPP-Server_BG13/protocol/bluetooth/lib/EFR32BG13P/GCC/libbluetooth.a(gap_scan.c.obj)
                0x000000000000eaec                gat_status_get_scan_packet
 .text.gap_status_set_scan_response
                0x000000000000eaf8       0x20 /Users/clfilho/SimplicityStudio/BLE/SPP-Server_BG13/protocol/bluetooth/lib/EFR32BG13P/GCC/libbluetooth.a(gap_scan.c.obj)
                0x000000000000eaf8                gap_status_set_scan_response
 .text.gat_status_get_scan_response
                0x000000000000eb18        0xc /Users/clfilho/SimplicityStudio/BLE/SPP-Server_BG13/protocol/bluetooth/lib/EFR32BG13P/GCC/libbluetooth.a(gap_scan.c.obj)
                0x000000000000eb18                gat_status_get_scan_response
 .text.handle_scan_response_callback
                0x000000000000eb24      0x190 /Users/clfilho/SimplicityStudio/BLE/SPP-Server_BG13/protocol/bluetooth/lib/EFR32BG13P/GCC/libbluetooth.a(gap_scan.c.obj)
                0x000000000000eb24                handle_scan_response_callback
 .text.ubt_gap_le_discover
                0x000000000000ecb4       0x68 /Users/clfilho/SimplicityStudio/BLE/SPP-Server_BG13/protocol/bluetooth/lib/EFR32BG13P/GCC/libbluetooth.a(gap_scan.c.obj)
                0x000000000000ecb4                ubt_gap_le_discover
 .text.gatt_init
                0x000000000000ed1c        0xc /Users/clfilho/SimplicityStudio/BLE/SPP-Server_BG13/protocol/bluetooth/lib/EFR32BG13P/GCC/libbluetooth.a(gatt.c.obj)
                0x000000000000ed1c                gatt_init
 .text.gatt_set_max_mtu
                0x000000000000ed28       0x18 /Users/clfilho/SimplicityStudio/BLE/SPP-Server_BG13/protocol/bluetooth/lib/EFR32BG13P/GCC/libbluetooth.a(gatt.c.obj)
                0x000000000000ed28                gatt_set_max_mtu
 .text.gatt_init_connection
                0x000000000000ed40       0x50 /Users/clfilho/SimplicityStudio/BLE/SPP-Server_BG13/protocol/bluetooth/lib/EFR32BG13P/GCC/libbluetooth.a(gatt.c.obj)
                0x000000000000ed40                gatt_init_connection
 .text.gatt_free_connection
                0x000000000000ed90       0x50 /Users/clfilho/SimplicityStudio/BLE/SPP-Server_BG13/protocol/bluetooth/lib/EFR32BG13P/GCC/libbluetooth.a(gatt.c.obj)
                0x000000000000ed90                gatt_free_connection
 .text.send_gatt_mtu_exchanged_event
                0x000000000000ede0       0x2a /Users/clfilho/SimplicityStudio/BLE/SPP-Server_BG13/protocol/bluetooth/lib/EFR32BG13P/GCC/libbluetooth.a(gatt.c.obj)
                0x000000000000ede0                send_gatt_mtu_exchanged_event
 .text.gatt_start_procedure_timeout_timer
                0x000000000000ee0a       0x16 /Users/clfilho/SimplicityStudio/BLE/SPP-Server_BG13/protocol/bluetooth/lib/EFR32BG13P/GCC/libbluetooth.a(gatt.c.obj)
                0x000000000000ee0a                gatt_start_procedure_timeout_timer
 .text.gatt_stop_procedure_timeout_timer
                0x000000000000ee20        0x6 /Users/clfilho/SimplicityStudio/BLE/SPP-Server_BG13/protocol/bluetooth/lib/EFR32BG13P/GCC/libbluetooth.a(gatt.c.obj)
                0x000000000000ee20                gatt_stop_procedure_timeout_timer
 .text.gatt_start_procedure
                0x000000000000ee26       0x24 /Users/clfilho/SimplicityStudio/BLE/SPP-Server_BG13/protocol/bluetooth/lib/EFR32BG13P/GCC/libbluetooth.a(gatt.c.obj)
                0x000000000000ee26                gatt_start_procedure
 .text.gatt_procedure_timeout
                0x000000000000ee4a       0x2e /Users/clfilho/SimplicityStudio/BLE/SPP-Server_BG13/protocol/bluetooth/lib/EFR32BG13P/GCC/libbluetooth.a(gatt.c.obj)
                0x000000000000ee4a                gatt_procedure_timeout
 .text.gatt_listener
                0x000000000000ee78       0x80 /Users/clfilho/SimplicityStudio/BLE/SPP-Server_BG13/protocol/bluetooth/lib/EFR32BG13P/GCC/libbluetooth.a(gatt.c.obj)
 .text.gatt_get_connection
                0x000000000000eef8        0xc /Users/clfilho/SimplicityStudio/BLE/SPP-Server_BG13/protocol/bluetooth/lib/EFR32BG13P/GCC/libbluetooth.a(gatt.c.obj)
                0x000000000000eef8                gatt_get_connection
 .text.gatt_get_next_connection
                0x000000000000ef04       0x1a /Users/clfilho/SimplicityStudio/BLE/SPP-Server_BG13/protocol/bluetooth/lib/EFR32BG13P/GCC/libbluetooth.a(gatt.c.obj)
                0x000000000000ef04                gatt_get_next_connection
 .text.validate_gatt_connection_state
                0x000000000000ef1e       0x1c /Users/clfilho/SimplicityStudio/BLE/SPP-Server_BG13/protocol/bluetooth/lib/EFR32BG13P/GCC/libbluetooth.a(gatt_client.c.obj)
 .text.free_params_data
                0x000000000000ef3a       0x16 /Users/clfilho/SimplicityStudio/BLE/SPP-Server_BG13/protocol/bluetooth/lib/EFR32BG13P/GCC/libbluetooth.a(gatt_client.c.obj)
 .text.alloc_params_data
                0x000000000000ef50       0x2c /Users/clfilho/SimplicityStudio/BLE/SPP-Server_BG13/protocol/bluetooth/lib/EFR32BG13P/GCC/libbluetooth.a(gatt_client.c.obj)
 .text.discover_characteristics
                0x000000000000ef7c       0x2c /Users/clfilho/SimplicityStudio/BLE/SPP-Server_BG13/protocol/bluetooth/lib/EFR32BG13P/GCC/libbluetooth.a(gatt_client.c.obj)
 .text.should_start_long_read
                0x000000000000efa8       0x36 /Users/clfilho/SimplicityStudio/BLE/SPP-Server_BG13/protocol/bluetooth/lib/EFR32BG13P/GCC/libbluetooth.a(gatt_client.c.obj)
 .text.send_service_event
                0x000000000000efde       0x4a /Users/clfilho/SimplicityStudio/BLE/SPP-Server_BG13/protocol/bluetooth/lib/EFR32BG13P/GCC/libbluetooth.a(gatt_client.c.obj)
 .text.send_descriptor_value_event
                0x000000000000f028       0x3c /Users/clfilho/SimplicityStudio/BLE/SPP-Server_BG13/protocol/bluetooth/lib/EFR32BG13P/GCC/libbluetooth.a(gatt_client.c.obj)
 .text.end_procedure
                0x000000000000f064       0x3c /Users/clfilho/SimplicityStudio/BLE/SPP-Server_BG13/protocol/bluetooth/lib/EFR32BG13P/GCC/libbluetooth.a(gatt_client.c.obj)
 .text.abort_long_write
                0x000000000000f0a0       0x20 /Users/clfilho/SimplicityStudio/BLE/SPP-Server_BG13/protocol/bluetooth/lib/EFR32BG13P/GCC/libbluetooth.a(gatt_client.c.obj)
 .text.send_characteristic_value_event
                0x000000000000f0c0       0x72 /Users/clfilho/SimplicityStudio/BLE/SPP-Server_BG13/protocol/bluetooth/lib/EFR32BG13P/GCC/libbluetooth.a(gatt_client.c.obj)
 .text.write_value
                0x000000000000f132       0x4a /Users/clfilho/SimplicityStudio/BLE/SPP-Server_BG13/protocol/bluetooth/lib/EFR32BG13P/GCC/libbluetooth.a(gatt_client.c.obj)
 .text.gatt_discover_primary_services_by_uuid
                0x000000000000f17c       0x54 /Users/clfilho/SimplicityStudio/BLE/SPP-Server_BG13/protocol/bluetooth/lib/EFR32BG13P/GCC/libbluetooth.a(gatt_client.c.obj)
                0x000000000000f17c                gatt_discover_primary_services_by_uuid
 .text.gatt_find_included_services_handler
                0x000000000000f1d0       0xb0 /Users/clfilho/SimplicityStudio/BLE/SPP-Server_BG13/protocol/bluetooth/lib/EFR32BG13P/GCC/libbluetooth.a(gatt_client.c.obj)
                0x000000000000f1d0                gatt_find_included_services_handler
 .text.gatt_discover_characteristics
                0x000000000000f280       0x22 /Users/clfilho/SimplicityStudio/BLE/SPP-Server_BG13/protocol/bluetooth/lib/EFR32BG13P/GCC/libbluetooth.a(gatt_client.c.obj)
                0x000000000000f280                gatt_discover_characteristics
 .text.gatt_write_characteristic_value_without_response
                0x000000000000f2a2       0x1a /Users/clfilho/SimplicityStudio/BLE/SPP-Server_BG13/protocol/bluetooth/lib/EFR32BG13P/GCC/libbluetooth.a(gatt_client.c.obj)
                0x000000000000f2a2                gatt_write_characteristic_value_without_response
 .text.gatt_set_characteristic_notification
                0x000000000000f2bc       0x40 /Users/clfilho/SimplicityStudio/BLE/SPP-Server_BG13/protocol/bluetooth/lib/EFR32BG13P/GCC/libbluetooth.a(gatt_client.c.obj)
                0x000000000000f2bc                gatt_set_characteristic_notification
 .text.gatt_handle_exchange_mtu_rsp
                0x000000000000f2fc       0x48 /Users/clfilho/SimplicityStudio/BLE/SPP-Server_BG13/protocol/bluetooth/lib/EFR32BG13P/GCC/libbluetooth.a(gatt_client.c.obj)
                0x000000000000f2fc                gatt_handle_exchange_mtu_rsp
 .text.gatt_handle_find_information_response
                0x000000000000f344      0x152 /Users/clfilho/SimplicityStudio/BLE/SPP-Server_BG13/protocol/bluetooth/lib/EFR32BG13P/GCC/libbluetooth.a(gatt_client.c.obj)
                0x000000000000f344                gatt_handle_find_information_response
 .text.gatt_handle_find_by_type_value_response
                0x000000000000f496       0xa0 /Users/clfilho/SimplicityStudio/BLE/SPP-Server_BG13/protocol/bluetooth/lib/EFR32BG13P/GCC/libbluetooth.a(gatt_client.c.obj)
                0x000000000000f496                gatt_handle_find_by_type_value_response
 *fill*         0x000000000000f536        0x2 
 .text.gatt_handle_read_response
                0x000000000000f538       0xe4 /Users/clfilho/SimplicityStudio/BLE/SPP-Server_BG13/protocol/bluetooth/lib/EFR32BG13P/GCC/libbluetooth.a(gatt_client.c.obj)
                0x000000000000f538                gatt_handle_read_response
 .text.read_long_value_handler
                0x000000000000f61c       0x72 /Users/clfilho/SimplicityStudio/BLE/SPP-Server_BG13/protocol/bluetooth/lib/EFR32BG13P/GCC/libbluetooth.a(gatt_client.c.obj)
 .text.gatt_handle_read_blob_response
                0x000000000000f68e       0x36 /Users/clfilho/SimplicityStudio/BLE/SPP-Server_BG13/protocol/bluetooth/lib/EFR32BG13P/GCC/libbluetooth.a(gatt_client.c.obj)
                0x000000000000f68e                gatt_handle_read_blob_response
 .text.gatt_handle_read_multiple_response
                0x000000000000f6c4       0x3c /Users/clfilho/SimplicityStudio/BLE/SPP-Server_BG13/protocol/bluetooth/lib/EFR32BG13P/GCC/libbluetooth.a(gatt_client.c.obj)
                0x000000000000f6c4                gatt_handle_read_multiple_response
 .text.gatt_handle_read_by_type_response
                0x000000000000f700      0x148 /Users/clfilho/SimplicityStudio/BLE/SPP-Server_BG13/protocol/bluetooth/lib/EFR32BG13P/GCC/libbluetooth.a(gatt_client.c.obj)
                0x000000000000f700                gatt_handle_read_by_type_response
 .text.gatt_handle_read_by_group_type_response
                0x000000000000f848       0xaa /Users/clfilho/SimplicityStudio/BLE/SPP-Server_BG13/protocol/bluetooth/lib/EFR32BG13P/GCC/libbluetooth.a(gatt_client.c.obj)
                0x000000000000f848                gatt_handle_read_by_group_type_response
 .text.gatt_handle_write_response
                0x000000000000f8f2       0x14 /Users/clfilho/SimplicityStudio/BLE/SPP-Server_BG13/protocol/bluetooth/lib/EFR32BG13P/GCC/libbluetooth.a(gatt_client.c.obj)
                0x000000000000f8f2                gatt_handle_write_response
 .text.gatt_handle_prepare_write_response
                0x000000000000f906       0xb6 /Users/clfilho/SimplicityStudio/BLE/SPP-Server_BG13/protocol/bluetooth/lib/EFR32BG13P/GCC/libbluetooth.a(gatt_client.c.obj)
                0x000000000000f906                gatt_handle_prepare_write_response
 .text.gatt_handle_execute_write_response
                0x000000000000f9bc       0x3c /Users/clfilho/SimplicityStudio/BLE/SPP-Server_BG13/protocol/bluetooth/lib/EFR32BG13P/GCC/libbluetooth.a(gatt_client.c.obj)
                0x000000000000f9bc                gatt_handle_execute_write_response
 .text.gatt_client_handle_value_notification
                0x000000000000f9f8       0x12 /Users/clfilho/SimplicityStudio/BLE/SPP-Server_BG13/protocol/bluetooth/lib/EFR32BG13P/GCC/libbluetooth.a(gatt_client.c.obj)
                0x000000000000f9f8                gatt_client_handle_value_notification
 .text.gatt_client_handle_value_indication
                0x000000000000fa0a       0x14 /Users/clfilho/SimplicityStudio/BLE/SPP-Server_BG13/protocol/bluetooth/lib/EFR32BG13P/GCC/libbluetooth.a(gatt_client.c.obj)
                0x000000000000fa0a                gatt_client_handle_value_indication
 *fill*         0x000000000000fa1e        0x2 
 .text.gatt_client_init
                0x000000000000fa20        0xc /Users/clfilho/SimplicityStudio/BLE/SPP-Server_BG13/protocol/bluetooth/lib/EFR32BG13P/GCC/libbluetooth.a(gatt_client.c.obj)
                0x000000000000fa20                gatt_client_init
 .text.get_att_uuid16
                0x000000000000fa2c       0x24 /Users/clfilho/SimplicityStudio/BLE/SPP-Server_BG13/protocol/bluetooth/lib/EFR32BG13P/GCC/libbluetooth.a(gatt_db_minimal.c.obj)
 .text.get_client_conf
                0x000000000000fa50       0x24 /Users/clfilho/SimplicityStudio/BLE/SPP-Server_BG13/protocol/bluetooth/lib/EFR32BG13P/GCC/libbluetooth.a(gatt_db_minimal.c.obj)
 .text.gatt_db_set_db
                0x000000000000fa74       0x14 /Users/clfilho/SimplicityStudio/BLE/SPP-Server_BG13/protocol/bluetooth/lib/EFR32BG13P/GCC/libbluetooth.a(gatt_db_minimal.c.obj)
                0x000000000000fa74                gatt_db_set_db
 .text.gatt_db_invalidate_hash
                0x000000000000fa88       0x10 /Users/clfilho/SimplicityStudio/BLE/SPP-Server_BG13/protocol/bluetooth/lib/EFR32BG13P/GCC/libbluetooth.a(gatt_db_minimal.c.obj)
                0x000000000000fa88                gatt_db_invalidate_hash
 .text.gatt_db_set_client_features
                0x000000000000fa98       0x1c /Users/clfilho/SimplicityStudio/BLE/SPP-Server_BG13/protocol/bluetooth/lib/EFR32BG13P/GCC/libbluetooth.a(gatt_db_minimal.c.obj)
                0x000000000000fa98                gatt_db_set_client_features
 .text.gatt_db_handle_inrange
                0x000000000000fab4       0x18 /Users/clfilho/SimplicityStudio/BLE/SPP-Server_BG13/protocol/bluetooth/lib/EFR32BG13P/GCC/libbluetooth.a(gatt_db_minimal.c.obj)
                0x000000000000fab4                gatt_db_handle_inrange
 .text.gatt_db_handle_active
                0x000000000000facc       0x30 /Users/clfilho/SimplicityStudio/BLE/SPP-Server_BG13/protocol/bluetooth/lib/EFR32BG13P/GCC/libbluetooth.a(gatt_db_minimal.c.obj)
                0x000000000000facc                gatt_db_handle_active
 .text.get_client_conf_index
                0x000000000000fafc       0x44 /Users/clfilho/SimplicityStudio/BLE/SPP-Server_BG13/protocol/bluetooth/lib/EFR32BG13P/GCC/libbluetooth.a(gatt_db_minimal.c.obj)
 .text.gatt_db_get_char_properties
                0x000000000000fb40       0x44 /Users/clfilho/SimplicityStudio/BLE/SPP-Server_BG13/protocol/bluetooth/lib/EFR32BG13P/GCC/libbluetooth.a(gatt_db_minimal.c.obj)
                0x000000000000fb40                gatt_db_get_char_properties
 .text.gatt_db_user_value
                0x000000000000fb84       0x1c /Users/clfilho/SimplicityStudio/BLE/SPP-Server_BG13/protocol/bluetooth/lib/EFR32BG13P/GCC/libbluetooth.a(gatt_db_minimal.c.obj)
                0x000000000000fb84                gatt_db_user_value
 .text.gatt_db_load_client_conf
                0x000000000000fba0       0x32 /Users/clfilho/SimplicityStudio/BLE/SPP-Server_BG13/protocol/bluetooth/lib/EFR32BG13P/GCC/libbluetooth.a(gatt_db_minimal.c.obj)
                0x000000000000fba0                gatt_db_load_client_conf
 *fill*         0x000000000000fbd2        0x2 
 .text.gatt_db_get_client_conf
                0x000000000000fbd4       0x68 /Users/clfilho/SimplicityStudio/BLE/SPP-Server_BG13/protocol/bluetooth/lib/EFR32BG13P/GCC/libbluetooth.a(gatt_db_minimal.c.obj)
                0x000000000000fbd4                gatt_db_get_client_conf
 .text.gatt_db_get_att_len
                0x000000000000fc3c       0x3c /Users/clfilho/SimplicityStudio/BLE/SPP-Server_BG13/protocol/bluetooth/lib/EFR32BG13P/GCC/libbluetooth.a(gatt_db_minimal.c.obj)
                0x000000000000fc3c                gatt_db_get_att_len
 .text.gatt_db_check_permissions
                0x000000000000fc78      0x124 /Users/clfilho/SimplicityStudio/BLE/SPP-Server_BG13/protocol/bluetooth/lib/EFR32BG13P/GCC/libbluetooth.a(gatt_db_minimal.c.obj)
                0x000000000000fc78                gatt_db_check_permissions
 .text.gatt_db_get_data
                0x000000000000fd9c       0xa0 /Users/clfilho/SimplicityStudio/BLE/SPP-Server_BG13/protocol/bluetooth/lib/EFR32BG13P/GCC/libbluetooth.a(gatt_db_minimal.c.obj)
                0x000000000000fd9c                gatt_db_get_data
 .text.gatt_db_set_hash
                0x000000000000fe3c      0x104 /Users/clfilho/SimplicityStudio/BLE/SPP-Server_BG13/protocol/bluetooth/lib/EFR32BG13P/GCC/libbluetooth.a(gatt_db_minimal.c.obj)
                0x000000000000fe3c                gatt_db_set_hash
 .text.gatt_db_find_attribute_by_type
                0x000000000000ff40       0x38 /Users/clfilho/SimplicityStudio/BLE/SPP-Server_BG13/protocol/bluetooth/lib/EFR32BG13P/GCC/libbluetooth.a(gatt_db_minimal.c.obj)
                0x000000000000ff40                gatt_db_find_attribute_by_type
 .text.gatt_db_find_group_end
                0x000000000000ff78       0x48 /Users/clfilho/SimplicityStudio/BLE/SPP-Server_BG13/protocol/bluetooth/lib/EFR32BG13P/GCC/libbluetooth.a(gatt_db_minimal.c.obj)
                0x000000000000ff78                gatt_db_find_group_end
 .text.gatt_db_find_by_type_value
                0x000000000000ffc0       0x90 /Users/clfilho/SimplicityStudio/BLE/SPP-Server_BG13/protocol/bluetooth/lib/EFR32BG13P/GCC/libbluetooth.a(gatt_db_minimal.c.obj)
                0x000000000000ffc0                gatt_db_find_by_type_value
 .text.gatt_db_populate_adv_services
                0x0000000000010050      0x164 /Users/clfilho/SimplicityStudio/BLE/SPP-Server_BG13/protocol/bluetooth/lib/EFR32BG13P/GCC/libbluetooth.a(gatt_db_minimal.c.obj)
                0x0000000000010050                gatt_db_populate_adv_services
 .text.gatt_db_get_attribute_type
                0x00000000000101b4       0x34 /Users/clfilho/SimplicityStudio/BLE/SPP-Server_BG13/protocol/bluetooth/lib/EFR32BG13P/GCC/libbluetooth.a(gatt_db_minimal.c.obj)
                0x00000000000101b4                gatt_db_get_attribute_type
 .text.gatt_db_get_16bit_char_handle
                0x00000000000101e8       0x26 /Users/clfilho/SimplicityStudio/BLE/SPP-Server_BG13/protocol/bluetooth/lib/EFR32BG13P/GCC/libbluetooth.a(gatt_db_minimal.c.obj)
                0x00000000000101e8                gatt_db_get_16bit_char_handle
 .text.set_client_conf.part.2
                0x000000000001020e       0x7e /Users/clfilho/SimplicityStudio/BLE/SPP-Server_BG13/protocol/bluetooth/lib/EFR32BG13P/GCC/libbluetooth.a(gatt_db_minimal.c.obj)
 .text.gatt_db_set_data
                0x000000000001028c      0x160 /Users/clfilho/SimplicityStudio/BLE/SPP-Server_BG13/protocol/bluetooth/lib/EFR32BG13P/GCC/libbluetooth.a(gatt_db_minimal.c.obj)
                0x000000000001028c                gatt_db_set_data
 .text.gatt_db_reset_client_conf
                0x00000000000103ec       0x50 /Users/clfilho/SimplicityStudio/BLE/SPP-Server_BG13/protocol/bluetooth/lib/EFR32BG13P/GCC/libbluetooth.a(gatt_db_minimal.c.obj)
                0x00000000000103ec                gatt_db_reset_client_conf
 .text.send_user_read_request_event
                0x000000000001043c       0x32 /Users/clfilho/SimplicityStudio/BLE/SPP-Server_BG13/protocol/bluetooth/lib/EFR32BG13P/GCC/libbluetooth.a(gatt_server.c.obj)
 .text.send_user_write_request_event
                0x000000000001046e       0x3a /Users/clfilho/SimplicityStudio/BLE/SPP-Server_BG13/protocol/bluetooth/lib/EFR32BG13P/GCC/libbluetooth.a(gatt_server.c.obj)
 .text.send_execute_write_completed_event
                0x00000000000104a8       0x2a /Users/clfilho/SimplicityStudio/BLE/SPP-Server_BG13/protocol/bluetooth/lib/EFR32BG13P/GCC/libbluetooth.a(gatt_server.c.obj)
 .text.finish_read_req
                0x00000000000104d2       0x96 /Users/clfilho/SimplicityStudio/BLE/SPP-Server_BG13/protocol/bluetooth/lib/EFR32BG13P/GCC/libbluetooth.a(gatt_server.c.obj)
 .text.handle_read_req
                0x0000000000010568       0xa4 /Users/clfilho/SimplicityStudio/BLE/SPP-Server_BG13/protocol/bluetooth/lib/EFR32BG13P/GCC/libbluetooth.a(gatt_server.c.obj)
 .text.finish_execute_write_req
                0x000000000001060c       0xa8 /Users/clfilho/SimplicityStudio/BLE/SPP-Server_BG13/protocol/bluetooth/lib/EFR32BG13P/GCC/libbluetooth.a(gatt_server.c.obj)
 .text.send_notification
                0x00000000000106b4       0x7e /Users/clfilho/SimplicityStudio/BLE/SPP-Server_BG13/protocol/bluetooth/lib/EFR32BG13P/GCC/libbluetooth.a(gatt_server.c.obj)
 .text.gatt_server_send_attribute_value_event
                0x0000000000010732       0x3a /Users/clfilho/SimplicityStudio/BLE/SPP-Server_BG13/protocol/bluetooth/lib/EFR32BG13P/GCC/libbluetooth.a(gatt_server.c.obj)
                0x0000000000010732                gatt_server_send_attribute_value_event
 .text.gatt_server_send_characteristic_status_event
                0x000000000001076c       0x32 /Users/clfilho/SimplicityStudio/BLE/SPP-Server_BG13/protocol/bluetooth/lib/EFR32BG13P/GCC/libbluetooth.a(gatt_server.c.obj)
                0x000000000001076c                gatt_server_send_characteristic_status_event
 *fill*         0x000000000001079e        0x2 
 .text.gatt_server_handle_exchange_mtu_req
                0x00000000000107a0       0x3c /Users/clfilho/SimplicityStudio/BLE/SPP-Server_BG13/protocol/bluetooth/lib/EFR32BG13P/GCC/libbluetooth.a(gatt_server.c.obj)
                0x00000000000107a0                gatt_server_handle_exchange_mtu_req
 .text.gatt_server_handle_read_by_group_type
                0x00000000000107dc      0x120 /Users/clfilho/SimplicityStudio/BLE/SPP-Server_BG13/protocol/bluetooth/lib/EFR32BG13P/GCC/libbluetooth.a(gatt_server.c.obj)
                0x00000000000107dc                gatt_server_handle_read_by_group_type
 .text.gatt_server_handle_read_by_type
                0x00000000000108fc      0x184 /Users/clfilho/SimplicityStudio/BLE/SPP-Server_BG13/protocol/bluetooth/lib/EFR32BG13P/GCC/libbluetooth.a(gatt_server.c.obj)
                0x00000000000108fc                gatt_server_handle_read_by_type
 .text.gatt_server_handle_find_information
                0x0000000000010a80       0xe2 /Users/clfilho/SimplicityStudio/BLE/SPP-Server_BG13/protocol/bluetooth/lib/EFR32BG13P/GCC/libbluetooth.a(gatt_server.c.obj)
                0x0000000000010a80                gatt_server_handle_find_information
 .text.gatt_server_handle_find_by_type_value_req
                0x0000000000010b62       0xc8 /Users/clfilho/SimplicityStudio/BLE/SPP-Server_BG13/protocol/bluetooth/lib/EFR32BG13P/GCC/libbluetooth.a(gatt_server.c.obj)
                0x0000000000010b62                gatt_server_handle_find_by_type_value_req
 .text.gatt_server_handle_read_req
                0x0000000000010c2a        0xc /Users/clfilho/SimplicityStudio/BLE/SPP-Server_BG13/protocol/bluetooth/lib/EFR32BG13P/GCC/libbluetooth.a(gatt_server.c.obj)
                0x0000000000010c2a                gatt_server_handle_read_req
 .text.gatt_server_handle_read_blob_req
                0x0000000000010c36        0xa /Users/clfilho/SimplicityStudio/BLE/SPP-Server_BG13/protocol/bluetooth/lib/EFR32BG13P/GCC/libbluetooth.a(gatt_server.c.obj)
                0x0000000000010c36                gatt_server_handle_read_blob_req
 .text.gatt_server_handle_read_multiple_req
                0x0000000000010c40       0xee /Users/clfilho/SimplicityStudio/BLE/SPP-Server_BG13/protocol/bluetooth/lib/EFR32BG13P/GCC/libbluetooth.a(gatt_server.c.obj)
                0x0000000000010c40                gatt_server_handle_read_multiple_req
 .text.gatt_server_handle_write_req
                0x0000000000010d2e       0x96 /Users/clfilho/SimplicityStudio/BLE/SPP-Server_BG13/protocol/bluetooth/lib/EFR32BG13P/GCC/libbluetooth.a(gatt_server.c.obj)
                0x0000000000010d2e                gatt_server_handle_write_req
 .text.gatt_server_handle_write_cmd
                0x0000000000010dc4       0x84 /Users/clfilho/SimplicityStudio/BLE/SPP-Server_BG13/protocol/bluetooth/lib/EFR32BG13P/GCC/libbluetooth.a(gatt_server.c.obj)
                0x0000000000010dc4                gatt_server_handle_write_cmd
 .text.gatt_server_handle_prepare_write_req
                0x0000000000010e48       0xa4 /Users/clfilho/SimplicityStudio/BLE/SPP-Server_BG13/protocol/bluetooth/lib/EFR32BG13P/GCC/libbluetooth.a(gatt_server.c.obj)
                0x0000000000010e48                gatt_server_handle_prepare_write_req
 .text.gatt_server_handle_execute_write_req
                0x0000000000010eec       0x28 /Users/clfilho/SimplicityStudio/BLE/SPP-Server_BG13/protocol/bluetooth/lib/EFR32BG13P/GCC/libbluetooth.a(gatt_server.c.obj)
                0x0000000000010eec                gatt_server_handle_execute_write_req
 .text.gatt_server_handle_value_cfm
                0x0000000000010f14       0x48 /Users/clfilho/SimplicityStudio/BLE/SPP-Server_BG13/protocol/bluetooth/lib/EFR32BG13P/GCC/libbluetooth.a(gatt_server.c.obj)
                0x0000000000010f14                gatt_server_handle_value_cfm
 .text.gatt_server_send_characteristic_notification
                0x0000000000010f5c       0x82 /Users/clfilho/SimplicityStudio/BLE/SPP-Server_BG13/protocol/bluetooth/lib/EFR32BG13P/GCC/libbluetooth.a(gatt_server.c.obj)
                0x0000000000010f5c                gatt_server_send_characteristic_notification
 .text.gatt_server_send_user_write_response
                0x0000000000010fde       0x7c /Users/clfilho/SimplicityStudio/BLE/SPP-Server_BG13/protocol/bluetooth/lib/EFR32BG13P/GCC/libbluetooth.a(gatt_server.c.obj)
                0x0000000000010fde                gatt_server_send_user_write_response
 *fill*         0x000000000001105a        0x2 
 .text.gatt_server_report_gattdb_change
                0x000000000001105c       0x5c /Users/clfilho/SimplicityStudio/BLE/SPP-Server_BG13/protocol/bluetooth/lib/EFR32BG13P/GCC/libbluetooth.a(gatt_server.c.obj)
                0x000000000001105c                gatt_server_report_gattdb_change
 .text.gatt_server_report_client_config
                0x00000000000110b8       0xa8 /Users/clfilho/SimplicityStudio/BLE/SPP-Server_BG13/protocol/bluetooth/lib/EFR32BG13P/GCC/libbluetooth.a(gatt_server.c.obj)
                0x00000000000110b8                gatt_server_report_client_config
 .text.handle_database_changed.part.3
                0x0000000000011160       0x70 /Users/clfilho/SimplicityStudio/BLE/SPP-Server_BG13/protocol/bluetooth/lib/EFR32BG13P/GCC/libbluetooth.a(gatt_server.c.obj)
 .text.gatt_server_handle_att
                0x00000000000111d0      0x262 /Users/clfilho/SimplicityStudio/BLE/SPP-Server_BG13/protocol/bluetooth/lib/EFR32BG13P/GCC/libbluetooth.a(gatt_server.c.obj)
                0x00000000000111d0                gatt_server_handle_att
 .text.gatt_set_gattdb
                0x0000000000011432       0x34 /Users/clfilho/SimplicityStudio/BLE/SPP-Server_BG13/protocol/bluetooth/lib/EFR32BG13P/GCC/libbluetooth.a(gatt_server.c.obj)
                0x0000000000011432                gatt_set_gattdb
 .text.gatt_server_enter_att_handling
                0x0000000000011466        0xa /Users/clfilho/SimplicityStudio/BLE/SPP-Server_BG13/protocol/bluetooth/lib/EFR32BG13P/GCC/libbluetooth.a(gatt_server.c.obj)
                0x0000000000011466                gatt_server_enter_att_handling
 .text.gatt_server_leave_att_handling
                0x0000000000011470        0xa /Users/clfilho/SimplicityStudio/BLE/SPP-Server_BG13/protocol/bluetooth/lib/EFR32BG13P/GCC/libbluetooth.a(gatt_server.c.obj)
                0x0000000000011470                gatt_server_leave_att_handling
 .text.gatt_server_att_handling
                0x000000000001147a        0x8 /Users/clfilho/SimplicityStudio/BLE/SPP-Server_BG13/protocol/bluetooth/lib/EFR32BG13P/GCC/libbluetooth.a(gatt_server.c.obj)
                0x000000000001147a                gatt_server_att_handling
 .text.gecko_bgapi_class_dfu_init
                0x0000000000011482       0x12 /Users/clfilho/SimplicityStudio/BLE/SPP-Server_BG13/protocol/bluetooth/lib/EFR32BG13P/GCC/libbluetooth.a(gecko_bgapi_dfu.c.obj)
                0x0000000000011482                gecko_bgapi_class_dfu_init
 .text.gecko_bgapi_class_endpoint_init
                0x0000000000011494       0x12 /Users/clfilho/SimplicityStudio/BLE/SPP-Server_BG13/protocol/bluetooth/lib/EFR32BG13P/GCC/libbluetooth.a(gecko_bgapi_endpoint.c.obj)
                0x0000000000011494                gecko_bgapi_class_endpoint_init
 .text.gecko_bgapi_class_flash_init
                0x00000000000114a6       0x12 /Users/clfilho/SimplicityStudio/BLE/SPP-Server_BG13/protocol/bluetooth/lib/EFR32BG13P/GCC/libbluetooth.a(gecko_bgapi_flash.c.obj)
                0x00000000000114a6                gecko_bgapi_class_flash_init
 .text.gecko_bgapi_class_le_gap_init
                0x00000000000114b8       0x12 /Users/clfilho/SimplicityStudio/BLE/SPP-Server_BG13/protocol/bluetooth/lib/EFR32BG13P/GCC/libbluetooth.a(gecko_bgapi_gap.c.obj)
                0x00000000000114b8                gecko_bgapi_class_le_gap_init
 .text.gecko_bgapi_class_gatt_init
                0x00000000000114ca       0x12 /Users/clfilho/SimplicityStudio/BLE/SPP-Server_BG13/protocol/bluetooth/lib/EFR32BG13P/GCC/libbluetooth.a(gecko_bgapi_gatt.c.obj)
                0x00000000000114ca                gecko_bgapi_class_gatt_init
 .text.gecko_bgapi_class_gatt_server_init
                0x00000000000114dc       0x12 /Users/clfilho/SimplicityStudio/BLE/SPP-Server_BG13/protocol/bluetooth/lib/EFR32BG13P/GCC/libbluetooth.a(gecko_bgapi_gatt_server.c.obj)
                0x00000000000114dc                gecko_bgapi_class_gatt_server_init
 .text.gecko_bgapi_class_hardware_init
                0x00000000000114ee       0x12 /Users/clfilho/SimplicityStudio/BLE/SPP-Server_BG13/protocol/bluetooth/lib/EFR32BG13P/GCC/libbluetooth.a(gecko_bgapi_hardware.c.obj)
                0x00000000000114ee                gecko_bgapi_class_hardware_init
 .text.gecko_bgapi_class_le_connection_init
                0x0000000000011500       0x12 /Users/clfilho/SimplicityStudio/BLE/SPP-Server_BG13/protocol/bluetooth/lib/EFR32BG13P/GCC/libbluetooth.a(gecko_bgapi_le_connection.c.obj)
                0x0000000000011500                gecko_bgapi_class_le_connection_init
 .text.gecko_bgapi_class_sm_init
                0x0000000000011512       0x12 /Users/clfilho/SimplicityStudio/BLE/SPP-Server_BG13/protocol/bluetooth/lib/EFR32BG13P/GCC/libbluetooth.a(gecko_bgapi_sm.c.obj)
                0x0000000000011512                gecko_bgapi_class_sm_init
 .text.gecko_bgapi_class_system_init
                0x0000000000011524       0x12 /Users/clfilho/SimplicityStudio/BLE/SPP-Server_BG13/protocol/bluetooth/lib/EFR32BG13P/GCC/libbluetooth.a(gecko_bgapi_system.c.obj)
                0x0000000000011524                gecko_bgapi_class_system_init
 .text.gecko_bgapi_class_test_init
                0x0000000000011536       0x12 /Users/clfilho/SimplicityStudio/BLE/SPP-Server_BG13/protocol/bluetooth/lib/EFR32BG13P/GCC/libbluetooth.a(gecko_bgapi_test.c.obj)
                0x0000000000011536                gecko_bgapi_class_test_init
 .text.handle_bgapi_output
                0x0000000000011548       0x74 /Users/clfilho/SimplicityStudio/BLE/SPP-Server_BG13/protocol/bluetooth/lib/EFR32BG13P/GCC/libbluetooth.a(gecko_endpoints.c.obj)
 .text.gecko_release_evt
                0x00000000000115bc       0x14 /Users/clfilho/SimplicityStudio/BLE/SPP-Server_BG13/protocol/bluetooth/lib/EFR32BG13P/GCC/libbluetooth.a(gecko_endpoints.c.obj)
                0x00000000000115bc                gecko_release_evt
 .text.gecko_get_evt
                0x00000000000115d0       0x10 /Users/clfilho/SimplicityStudio/BLE/SPP-Server_BG13/protocol/bluetooth/lib/EFR32BG13P/GCC/libbluetooth.a(gecko_endpoints.c.obj)
                0x00000000000115d0                gecko_get_evt
 .text.gecko_register_bgapi_library
                0x00000000000115e0       0x38 /Users/clfilho/SimplicityStudio/BLE/SPP-Server_BG13/protocol/bluetooth/lib/EFR32BG13P/GCC/libbluetooth.a(gecko_endpoints.c.obj)
                0x00000000000115e0                gecko_register_bgapi_library
 .text.gecko_handle_library_packet
                0x0000000000011618       0x10 /Users/clfilho/SimplicityStudio/BLE/SPP-Server_BG13/protocol/bluetooth/lib/EFR32BG13P/GCC/libbluetooth.a(gecko_endpoints.c.obj)
                0x0000000000011618                gecko_handle_library_packet
 .text.sli_bt_cmd_handler_delegate
                0x0000000000011628       0x7c /Users/clfilho/SimplicityStudio/BLE/SPP-Server_BG13/protocol/bluetooth/lib/EFR32BG13P/GCC/libbluetooth.a(gecko_endpoints.c.obj)
                0x0000000000011628                sli_bt_cmd_handler_delegate
 .text.hci_increase_token
                0x00000000000116a4       0x12 /Users/clfilho/SimplicityStudio/BLE/SPP-Server_BG13/protocol/bluetooth/lib/EFR32BG13P/GCC/libbluetooth.a(hci.c.obj)
 *fill*         0x00000000000116b6        0x2 
 .text.hci_init
                0x00000000000116b8       0x1c /Users/clfilho/SimplicityStudio/BLE/SPP-Server_BG13/protocol/bluetooth/lib/EFR32BG13P/GCC/libbluetooth.a(hci.c.obj)
                0x00000000000116b8                hci_init
 .text.hci_command_status_handle
                0x00000000000116d4       0x40 /Users/clfilho/SimplicityStudio/BLE/SPP-Server_BG13/protocol/bluetooth/lib/EFR32BG13P/GCC/libbluetooth.a(hci.c.obj)
                0x00000000000116d4                hci_command_status_handle
 .text.hci_command_complete_handle
                0x0000000000011714      0x148 /Users/clfilho/SimplicityStudio/BLE/SPP-Server_BG13/protocol/bluetooth/lib/EFR32BG13P/GCC/libbluetooth.a(hci.c.obj)
                0x0000000000011714                hci_command_complete_handle
 .text.handle_extended_advertising_report
                0x000000000001185c      0x100 /Users/clfilho/SimplicityStudio/BLE/SPP-Server_BG13/protocol/bluetooth/lib/EFR32BG13P/GCC/libbluetooth.a(hci.c.obj)
                0x000000000001185c                handle_extended_advertising_report
 .text.hci_inject_acl
                0x000000000001195c        0xc /Users/clfilho/SimplicityStudio/BLE/SPP-Server_BG13/protocol/bluetooth/lib/EFR32BG13P/GCC/libbluetooth.a(hci.c.obj)
                0x000000000001195c                hci_inject_acl
 .text.hci_packets_waiting
                0x0000000000011968       0x18 /Users/clfilho/SimplicityStudio/BLE/SPP-Server_BG13/protocol/bluetooth/lib/EFR32BG13P/GCC/libbluetooth.a(hci.c.obj)
                0x0000000000011968                hci_packets_waiting
 .text.hci_get_acl_packet